../Core/Src/main.c:168:13:Sensors_Init	8	static
../Core/Src/main.c:179:13:Sensors_Service	8	static
../Core/Src/main.c:187:13:Stepper_Init	8	static
../Core/Src/main.c:193:13:Stepper_Service	16	static
../Core/Src/main.c:216:13:Stepper_Start	8	static
../Core/Src/main.c:228:13:Stepper_Stop	8	static
../Core/Src/main.c:234:13:Relay_Set	24	static
../Core/Src/main.c:252:13:Relay_Init	8	static
../Core/Src/main.c:258:13:Relay_Service	8	static
../Core/Src/main.c:276:13:FrostRelay_Set	24	static
../Core/Src/main.c:294:16:PredictMoldRisk	40	static
../Core/Src/main.c:335:16:PredictFrostRisk	32	static
../Core/Src/main.c:366:16:PredictFlowRisk	24	static
../Core/Src/main.c:393:13:ESP_FlushRx	16	static
../Core/Src/main.c:402:16:ESP_WaitForResponse	40	static
../Core/Src/main.c:456:16:ESP_SendCommandAndWait	24	static
../Core/Src/main.c:468:16:ESP_InitModule	24	static
../Core/Src/main.c:515:16:ESP_EnsureTcpConnected	16	static
../Core/Src/main.c:535:13:ESP_RecoverLink	16	static
../Core/Src/main.c:551:16:ESP_SendPayload	64	static
../Core/Src/main.c:591:13:Telemetry_Service	424	static
../Core/Src/main.c:626:13:ServiceDelay	32	static
../Core/Src/main.c:644:13:DWT_Delay_Init	4	static
../Core/Src/main.c:651:13:DelayUs	24	static
../Core/Src/main.c:661:13:DHT22_SetPinOutput	32	static
../Core/Src/main.c:672:13:DHT22_SetPinInput	32	static
../Core/Src/main.c:682:16:DHT22_WaitForState	24	static
../Core/Src/main.c:698:16:DHT22_Read	32	static
../Core/Src/main.c:771:13:DHT22_Service	32	static
../Core/Src/main.c:870:13:FlowSensor_Service	32	static
../Core/Src/main.c:922:13:BuildSensorPayload	88	static
../Core/Src/main.c:950:5:main	8	static
../Core/Src/main.c:1050:6:SystemClock_Config	88	static
../Core/Src/main.c:1096:13:MX_USART2_UART_Init	8	static
../Core/Src/main.c:1129:13:MX_GPIO_Init	40	static
../Core/Src/main.c:1192:6:HAL_GPIO_EXTI_Callback	16	static
../Core/Src/main.c:1206:6:Error_Handler	4	static,ignoring_inline_asm
