../Core/Src/main.c:168:13:Sensors_Init	1
../Core/Src/main.c:179:13:Sensors_Service	1
../Core/Src/main.c:187:13:Stepper_Init	1
../Core/Src/main.c:193:13:Stepper_Service	3
../Core/Src/main.c:216:13:Stepper_Start	1
../Core/Src/main.c:228:13:Stepper_Stop	1
../Core/Src/main.c:234:13:Relay_Set	2
../Core/Src/main.c:252:13:Relay_Init	1
../Core/Src/main.c:258:13:Relay_Service	4
../Core/Src/main.c:276:13:FrostRelay_Set	2
../Core/Src/main.c:294:16:PredictMoldRisk	13
../Core/Src/main.c:335:16:PredictFrostRisk	8
../Core/Src/main.c:366:16:PredictFlowRisk	6
../Core/Src/main.c:393:13:ESP_FlushRx	2
../Core/Src/main.c:402:16:ESP_WaitForResponse	13
../Core/Src/main.c:456:16:ESP_SendCommandAndWait	2
../Core/Src/main.c:468:16:ESP_InitModule	8
../Core/Src/main.c:515:16:ESP_EnsureTcpConnected	3
../Core/Src/main.c:535:13:ESP_RecoverLink	3
../Core/Src/main.c:551:16:ESP_SendPayload	6
../Core/Src/main.c:591:13:Telemetry_Service	5
../Core/Src/main.c:626:13:ServiceDelay	3
../Core/Src/main.c:644:13:DWT_Delay_Init	1
../Core/Src/main.c:651:13:DelayUs	2
../Core/Src/main.c:661:13:DHT22_SetPinOutput	1
../Core/Src/main.c:672:13:DHT22_SetPinInput	1
../Core/Src/main.c:682:16:DHT22_WaitForState	3
../Core/Src/main.c:698:16:DHT22_Read	11
../Core/Src/main.c:771:13:DHT22_Service	24
../Core/Src/main.c:870:13:FlowSensor_Service	6
../Core/Src/main.c:922:13:BuildSensorPayload	1
../Core/Src/main.c:950:5:main	1
../Core/Src/main.c:1050:6:SystemClock_Config	3
../Core/Src/main.c:1096:13:MX_USART2_UART_Init	2
../Core/Src/main.c:1129:13:MX_GPIO_Init	1
../Core/Src/main.c:1192:6:HAL_GPIO_EXTI_Callback	2
../Core/Src/main.c:1206:6:Error_Handler	1
