../Core/Src/main.c:205:13:LCD_ExpanderWrite	24	static
../Core/Src/main.c:210:13:LCD_PulseEnable	16	static
../Core/Src/main.c:218:13:LCD_Write4Bits	16	static
../Core/Src/main.c:224:13:LCD_Send	24	static
../Core/Src/main.c:233:13:LCD_SendCommand	16	static
../Core/Src/main.c:247:13:LCD_SendData	16	static
../Core/Src/main.c:253:13:LCD_SetCursor	24	static
../Core/Src/main.c:259:13:LCD_PrintLine	40	static
../Core/Src/main.c:281:13:LCD_ShowMessage	16	static
../Core/Src/main.c:292:17:LCD_FindAddress	16	static
../Core/Src/main.c:305:13:LCD_Init	8	static
../Core/Src/main.c:332:13:LCD_Service	56	static
../Core/Src/main.c:372:13:Buzzer_Service	8	static
../Core/Src/main.c:384:13:Buzzer_StartAlert	8	static
../Core/Src/main.c:394:13:Buzzer_StopAlert	8	static
../Core/Src/main.c:415:13:ESP_SetStatus	16	static
../Core/Src/main.c:421:13:ESP_ForceReinit	24	static
../Core/Src/main.c:452:13:ESP_SendCommand	16	static
../Core/Src/main.c:460:13:ESP_ConsumeTextPrefix	16	static
../Core/Src/main.c:481:13:ESP_ConsumeThroughToken	32	static
../Core/Src/main.c:509:16:ESP_HexNibble	24	static
../Core/Src/main.c:520:13:ESP_IsHexString	24	static
../Core/Src/main.c:533:13:ESP_ParseHexWord	32	static
../Core/Src/main.c:551:13:ESP_ParseHexDword	32	static
../Core/Src/main.c:569:13:ESP_HexToBytes	40	static
../Core/Src/main.c:586:13:ESP_CopyField	32	static
../Core/Src/main.c:616:13:ESP_ParseOptionalFlagField	40	static
../Core/Src/main.c:658:13:ESP_ParseSensorPayload	24	static
../Core/Src/main.c:687:13:ESP_SHA256_Transform	352	static
../Core/Src/main.c:788:13:ESP_SHA256_Init	16	static
../Core/Src/main.c:802:13:ESP_SHA256_Update	40	static
../Core/Src/main.c:817:13:ESP_SHA256_Final	64	static
../Core/Src/main.c:856:13:ESP_SHA256_Data	136	static
../Core/Src/main.c:865:13:ESP_SHA256_DataPair	136	static
../Core/Src/main.c:877:13:ESP_SHA256_DataTriple	136	static
../Core/Src/main.c:891:16:ESP_AES_Multiply	24	static
../Core/Src/main.c:918:16:ESP_AES_Power	24	static
../Core/Src/main.c:936:16:ESP_AES_SubByte	24	static
../Core/Src/main.c:949:13:ESP_AES_KeyExpansion	40	static
../Core/Src/main.c:986:13:ESP_AES_AddRoundKey	24	static
../Core/Src/main.c:994:13:ESP_AES_SubBytes	32	static
../Core/Src/main.c:1002:13:ESP_AES_ShiftRows	32	static
../Core/Src/main.c:1025:13:ESP_AES_MixColumns	40	static
../Core/Src/main.c:1042:13:ESP_AES_EncryptBlock	56	static
../Core/Src/main.c:1063:13:ESP_AES_CTR_Transform	80	static
../Core/Src/main.c:1091:13:ESP_HMAC_SHA256	264	static
../Core/Src/main.c:1121:13:ESP_SecureEquals	32	static
../Core/Src/main.c:1133:13:ESP_StoreBe32	16	static
../Core/Src/main.c:1141:13:ESP_EnsureCryptoContext	96	static
../Core/Src/main.c:1179:13:ESP_IsKnownPreviousSession	24	static
../Core/Src/main.c:1192:13:ESP_RememberPreviousSession	24	static
../Core/Src/main.c:1217:13:ESP_AcceptReplayWindow	16	static
../Core/Src/main.c:1252:13:ESP_DecryptSecurePayloadV1	384	static
../Core/Src/main.c:1311:13:ESP_DecryptSecurePayloadV2	400	static
../Core/Src/main.c:1390:31:ESP_ProbeSecurePacket	40	static
../Core/Src/main.c:1486:13:ESP_HandleSecurePacket	736	static
../Core/Src/main.c:1562:13:ESP_ProcessTextBuffer	416	static
../Core/Src/main.c:1633:13:ESP_ProcessStartupResponses	8	static
../Core/Src/main.c:1671:13:ESP_ServiceLinkHealth	16	static
../Core/Src/main.c:1697:13:ESP_StartUartReceive	8	static
../Core/Src/main.c:1706:13:ESP_PollUart	16	static
../Core/Src/main.c:1753:13:ESP_ServiceStartup	16	static
../Core/Src/main.c:1807:5:main	8	static
../Core/Src/main.c:1885:6:SystemClock_Config	88	static
../Core/Src/main.c:1932:13:MX_I2C1_Init	8	static
../Core/Src/main.c:1966:13:MX_TIM1_Init	80	static
../Core/Src/main.c:2031:13:MX_USART1_UART_Init	8	static
../Core/Src/main.c:2064:13:MX_GPIO_Init	48	static
../Core/Src/main.c:2102:6:HAL_UART_RxCpltCallback	24	static
../Core/Src/main.c:2118:6:HAL_UART_ErrorCallback	24	static
../Core/Src/main.c:2134:6:Error_Handler	4	static,ignoring_inline_asm
