Archive member included to satisfy reference by file (symbol)

C:/ST/STM32CubeIDE_1.18.1/STM32CubeIDE/plugins/com.st.stm32cube.ide.mcu.externaltools.gnu-tools-for-stm32.13.3.rel1.win32_1.0.0.202411081344/tools/bin/../lib/gcc/arm-none-eabi/13.3.1/../../../../arm-none-eabi/lib/thumb/v7e-m+fp/hard\libc_nano.a(libc_a-exit.o)
                              C:/ST/STM32CubeIDE_1.18.1/STM32CubeIDE/plugins/com.st.stm32cube.ide.mcu.externaltools.gnu-tools-for-stm32.13.3.rel1.win32_1.0.0.202411081344/tools/bin/../lib/gcc/arm-none-eabi/13.3.1/../../../../arm-none-eabi/lib/thumb/v7e-m+fp/hard/crt0.o (exit)
C:/ST/STM32CubeIDE_1.18.1/STM32CubeIDE/plugins/com.st.stm32cube.ide.mcu.externaltools.gnu-tools-for-stm32.13.3.rel1.win32_1.0.0.202411081344/tools/bin/../lib/gcc/arm-none-eabi/13.3.1/../../../../arm-none-eabi/lib/thumb/v7e-m+fp/hard\libc_nano.a(libc_a-findfp.o)
                              C:/ST/STM32CubeIDE_1.18.1/STM32CubeIDE/plugins/com.st.stm32cube.ide.mcu.externaltools.gnu-tools-for-stm32.13.3.rel1.win32_1.0.0.202411081344/tools/bin/../lib/gcc/arm-none-eabi/13.3.1/../../../../arm-none-eabi/lib/thumb/v7e-m+fp/hard\libc_nano.a(libc_a-exit.o) (__stdio_exit_handler)
C:/ST/STM32CubeIDE_1.18.1/STM32CubeIDE/plugins/com.st.stm32cube.ide.mcu.externaltools.gnu-tools-for-stm32.13.3.rel1.win32_1.0.0.202411081344/tools/bin/../lib/gcc/arm-none-eabi/13.3.1/../../../../arm-none-eabi/lib/thumb/v7e-m+fp/hard\libc_nano.a(libc_a-fwalk.o)
                              C:/ST/STM32CubeIDE_1.18.1/STM32CubeIDE/plugins/com.st.stm32cube.ide.mcu.externaltools.gnu-tools-for-stm32.13.3.rel1.win32_1.0.0.202411081344/tools/bin/../lib/gcc/arm-none-eabi/13.3.1/../../../../arm-none-eabi/lib/thumb/v7e-m+fp/hard\libc_nano.a(libc_a-findfp.o) (_fwalk_sglue)
C:/ST/STM32CubeIDE_1.18.1/STM32CubeIDE/plugins/com.st.stm32cube.ide.mcu.externaltools.gnu-tools-for-stm32.13.3.rel1.win32_1.0.0.202411081344/tools/bin/../lib/gcc/arm-none-eabi/13.3.1/../../../../arm-none-eabi/lib/thumb/v7e-m+fp/hard\libc_nano.a(libc_a-snprintf.o)
                              ./Core/Src/main.o (snprintf)
C:/ST/STM32CubeIDE_1.18.1/STM32CubeIDE/plugins/com.st.stm32cube.ide.mcu.externaltools.gnu-tools-for-stm32.13.3.rel1.win32_1.0.0.202411081344/tools/bin/../lib/gcc/arm-none-eabi/13.3.1/../../../../arm-none-eabi/lib/thumb/v7e-m+fp/hard\libc_nano.a(libc_a-stdio.o)
                              C:/ST/STM32CubeIDE_1.18.1/STM32CubeIDE/plugins/com.st.stm32cube.ide.mcu.externaltools.gnu-tools-for-stm32.13.3.rel1.win32_1.0.0.202411081344/tools/bin/../lib/gcc/arm-none-eabi/13.3.1/../../../../arm-none-eabi/lib/thumb/v7e-m+fp/hard\libc_nano.a(libc_a-findfp.o) (__sread)
C:/ST/STM32CubeIDE_1.18.1/STM32CubeIDE/plugins/com.st.stm32cube.ide.mcu.externaltools.gnu-tools-for-stm32.13.3.rel1.win32_1.0.0.202411081344/tools/bin/../lib/gcc/arm-none-eabi/13.3.1/../../../../arm-none-eabi/lib/thumb/v7e-m+fp/hard\libc_nano.a(libc_a-memmove.o)
                              ./Core/Src/main.o (memmove)
C:/ST/STM32CubeIDE_1.18.1/STM32CubeIDE/plugins/com.st.stm32cube.ide.mcu.externaltools.gnu-tools-for-stm32.13.3.rel1.win32_1.0.0.202411081344/tools/bin/../lib/gcc/arm-none-eabi/13.3.1/../../../../arm-none-eabi/lib/thumb/v7e-m+fp/hard\libc_nano.a(libc_a-memset.o)
                              C:/ST/STM32CubeIDE_1.18.1/STM32CubeIDE/plugins/com.st.stm32cube.ide.mcu.externaltools.gnu-tools-for-stm32.13.3.rel1.win32_1.0.0.202411081344/tools/bin/../lib/gcc/arm-none-eabi/13.3.1/../../../../arm-none-eabi/lib/thumb/v7e-m+fp/hard/crt0.o (memset)
C:/ST/STM32CubeIDE_1.18.1/STM32CubeIDE/plugins/com.st.stm32cube.ide.mcu.externaltools.gnu-tools-for-stm32.13.3.rel1.win32_1.0.0.202411081344/tools/bin/../lib/gcc/arm-none-eabi/13.3.1/../../../../arm-none-eabi/lib/thumb/v7e-m+fp/hard\libc_nano.a(libc_a-strncmp.o)
                              ./Core/Src/secure_telemetry.o (strncmp)
C:/ST/STM32CubeIDE_1.18.1/STM32CubeIDE/plugins/com.st.stm32cube.ide.mcu.externaltools.gnu-tools-for-stm32.13.3.rel1.win32_1.0.0.202411081344/tools/bin/../lib/gcc/arm-none-eabi/13.3.1/../../../../arm-none-eabi/lib/thumb/v7e-m+fp/hard\libc_nano.a(libc_a-strstr.o)
                              ./Core/Src/main.o (strstr)
C:/ST/STM32CubeIDE_1.18.1/STM32CubeIDE/plugins/com.st.stm32cube.ide.mcu.externaltools.gnu-tools-for-stm32.13.3.rel1.win32_1.0.0.202411081344/tools/bin/../lib/gcc/arm-none-eabi/13.3.1/../../../../arm-none-eabi/lib/thumb/v7e-m+fp/hard\libc_nano.a(libc_a-closer.o)
                              C:/ST/STM32CubeIDE_1.18.1/STM32CubeIDE/plugins/com.st.stm32cube.ide.mcu.externaltools.gnu-tools-for-stm32.13.3.rel1.win32_1.0.0.202411081344/tools/bin/../lib/gcc/arm-none-eabi/13.3.1/../../../../arm-none-eabi/lib/thumb/v7e-m+fp/hard\libc_nano.a(libc_a-stdio.o) (_close_r)
C:/ST/STM32CubeIDE_1.18.1/STM32CubeIDE/plugins/com.st.stm32cube.ide.mcu.externaltools.gnu-tools-for-stm32.13.3.rel1.win32_1.0.0.202411081344/tools/bin/../lib/gcc/arm-none-eabi/13.3.1/../../../../arm-none-eabi/lib/thumb/v7e-m+fp/hard\libc_nano.a(libc_a-reent.o)
[...]
Memory Configuration

Name             Origin             Length             Attributes
CCMRAM           0x10000000         0x00010000         xrw
RAM              0x20000000         0x00020000         xrw
FLASH            0x08000000         0x00100000         xr
*default*        0x00000000         0xffffffff

Linker script and memory map

LOAD C:/ST/STM32CubeIDE_1.18.1/STM32CubeIDE/plugins/com.st.stm32cube.ide.mcu.externaltools.gnu-tools-for-stm32.13.3.rel1.win32_1.0.0.202411081344/tools/bin/../lib/gcc/arm-none-eabi/13.3.1/thumb/v7e-m+fp/hard/crti.o
LOAD C:/ST/STM32CubeIDE_1.18.1/STM32CubeIDE/plugins/com.st.stm32cube.ide.mcu.externaltools.gnu-tools-for-stm32.13.3.rel1.win32_1.0.0.202411081344/tools/bin/../lib/gcc/arm-none-eabi/13.3.1/thumb/v7e-m+fp/hard/crtbegin.o
LOAD C:/ST/STM32CubeIDE_1.18.1/STM32CubeIDE/plugins/com.st.stm32cube.ide.mcu.externaltools.gnu-tools-for-stm32.13.3.rel1.win32_1.0.0.202411081344/tools/bin/../lib/gcc/arm-none-eabi/13.3.1/../../../../arm-none-eabi/lib/thumb/v7e-m+fp/hard/crt0.o
LOAD ./Core/Src/main.o
LOAD ./Core/Src/secure_telemetry.o
LOAD ./Core/Src/stm32f4xx_hal_msp.o
LOAD ./Core/Src/stm32f4xx_it.o
LOAD ./Core/Src/syscalls.o
LOAD ./Core/Src/sysmem.o
LOAD ./Core/Src/system_stm32f4xx.o
LOAD ./Core/Startup/startup_stm32f407vgtx.o
LOAD ./Drivers/STM32F4xx_HAL_Driver/Src/stm32f4xx_hal.o
LOAD ./Drivers/STM32F4xx_HAL_Driver/Src/stm32f4xx_hal_cortex.o
LOAD ./Drivers/STM32F4xx_HAL_Driver/Src/stm32f4xx_hal_dma.o
LOAD ./Drivers/STM32F4xx_HAL_Driver/Src/stm32f4xx_hal_dma_ex.o
LOAD ./Drivers/STM32F4xx_HAL_Driver/Src/stm32f4xx_hal_exti.o
LOAD ./Drivers/STM32F4xx_HAL_Driver/Src/stm32f4xx_hal_flash.o
LOAD ./Drivers/STM32F4xx_HAL_Driver/Src/stm32f4xx_hal_flash_ex.o
LOAD ./Drivers/STM32F4xx_HAL_Driver/Src/stm32f4xx_hal_flash_ramfunc.o
LOAD ./Drivers/STM32F4xx_HAL_Driver/Src/stm32f4xx_hal_gpio.o
LOAD ./Drivers/STM32F4xx_HAL_Driver/Src/stm32f4xx_hal_pwr.o
LOAD ./Drivers/STM32F4xx_HAL_Driver/Src/stm32f4xx_hal_pwr_ex.o
LOAD ./Drivers/STM32F4xx_HAL_Driver/Src/stm32f4xx_hal_rcc.o
LOAD ./Drivers/STM32F4xx_HAL_Driver/Src/stm32f4xx_hal_rcc_ex.o
LOAD ./Drivers/STM32F4xx_HAL_Driver/Src/stm32f4xx_hal_uart.o
START GROUP
LOAD C:/ST/STM32CubeIDE_1.18.1/STM32CubeIDE/plugins/com.st.stm32cube.ide.mcu.externaltools.gnu-tools-for-stm32.13.3.rel1.win32_1.0.0.202411081344/tools/bin/../lib/gcc/arm-none-eabi/13.3.1/../../../../arm-none-eabi/lib/thumb/v7e-m+fp/hard\libc_nano.a
LOAD C:/ST/STM32CubeIDE_1.18.1/STM32CubeIDE/plugins/com.st.stm32cube.ide.mcu.externaltools.gnu-tools-for-stm32.13.3.rel1.win32_1.0.0.202411081344/tools/bin/../lib/gcc/arm-none-eabi/13.3.1/../../../../arm-none-eabi/lib/thumb/v7e-m+fp/hard\libm.a
END GROUP
START GROUP
LOAD C:/ST/STM32CubeIDE_1.18.1/STM32CubeIDE/plugins/com.st.stm32cube.ide.mcu.externaltools.gnu-tools-for-stm32.13.3.rel1.win32_1.0.0.202411081344/tools/bin/../lib/gcc/arm-none-eabi/13.3.1/thumb/v7e-m+fp/hard\libgcc.a
LOAD C:/ST/STM32CubeIDE_1.18.1/STM32CubeIDE/plugins/com.st.stm32cube.ide.mcu.externaltools.gnu-tools-for-stm32.13.3.rel1.win32_1.0.0.202411081344/tools/bin/../lib/gcc/arm-none-eabi/13.3.1/../../../../arm-none-eabi/lib/thumb/v7e-m+fp/hard\libc_nano.a
END GROUP
START GROUP
LOAD C:/ST/STM32CubeIDE_1.18.1/STM32CubeIDE/plugins/com.st.stm32cube.ide.mcu.externaltools.gnu-tools-for-stm32.13.3.rel1.win32_1.0.0.202411081344/tools/bin/../lib/gcc/arm-none-eabi/13.3.1/thumb/v7e-m+fp/hard\libgcc.a
LOAD C:/ST/STM32CubeIDE_1.18.1/STM32CubeIDE/plugins/com.st.stm32cube.ide.mcu.externaltools.gnu-tools-for-stm32.13.3.rel1.win32_1.0.0.202411081344/tools/bin/../lib/gcc/arm-none-eabi/13.3.1/../../../../arm-none-eabi/lib/thumb/v7e-m+fp/hard\libc_nano.a
LOAD C:/ST/STM32CubeIDE_1.18.1/STM32CubeIDE/plugins/com.st.stm32cube.ide.mcu.externaltools.gnu-tools-for-stm32.13.3.rel1.win32_1.0.0.202411081344/tools/bin/../lib/gcc/arm-none-eabi/13.3.1/../../../../arm-none-eabi/lib/thumb/v7e-m+fp/hard\libnosys.a
END GROUP
START GROUP
LOAD C:/ST/STM32CubeIDE_1.18.1/STM32CubeIDE/plugins/com.st.stm32cube.ide.mcu.externaltools.gnu-tools-for-stm32.13.3.rel1.win32_1.0.0.202411081344/tools/bin/../lib/gcc/arm-none-eabi/13.3.1/thumb/v7e-m+fp/hard\libgcc.a
LOAD C:/ST/STM32CubeIDE_1.18.1/STM32CubeIDE/plugins/com.st.stm32cube.ide.mcu.externaltools.gnu-tools-for-stm32.13.3.rel1.win32_1.0.0.202411081344/tools/bin/../lib/gcc/arm-none-eabi/13.3.1/../../../../arm-none-eabi/lib/thumb/v7e-m+fp/hard\libc_nano.a
LOAD C:/ST/STM32CubeIDE_1.18.1/STM32CubeIDE/plugins/com.st.stm32cube.ide.mcu.externaltools.gnu-tools-for-stm32.13.3.rel1.win32_1.0.0.202411081344/tools/bin/../lib/gcc/arm-none-eabi/13.3.1/../../../../arm-none-eabi/lib/thumb/v7e-m+fp/hard\libnosys.a
END GROUP
LOAD C:/ST/STM32CubeIDE_1.18.1/STM32CubeIDE/plugins/com.st.stm32cube.ide.mcu.externaltools.gnu-tools-for-stm32.13.3.rel1.win32_1.0.0.202411081344/tools/bin/../lib/gcc/arm-none-eabi/13.3.1/thumb/v7e-m+fp/hard/crtend.o
LOAD C:/ST/STM32CubeIDE_1.18.1/STM32CubeIDE/plugins/com.st.stm32cube.ide.mcu.externaltools.gnu-tools-for-stm32.13.3.rel1.win32_1.0.0.202411081344/tools/bin/../lib/gcc/arm-none-eabi/13.3.1/thumb/v7e-m+fp/hard/crtn.o
                0x20020000                        _estack = (ORIGIN (RAM) + LENGTH (RAM))
                0x00000200                        _Min_Heap_Size = 0x200
                0x00000400                        _Min_Stack_Size = 0x400

.isr_vector     0x08000000      0x188
                0x08000000                        . = ALIGN (0x4)
 *(.isr_vector)
 .isr_vector    0x08000000      0x188 ./Core/Startup/startup_stm32f407vgtx.o
                0x08000000                g_pfnVectors
                0x08000188                        . = ALIGN (0x4)

.text           0x08000190     0x56d4
                0x08000190                        . = ALIGN (0x4)
 *(.text)
 .text          0x08000190       0x40 C:/ST/STM32CubeIDE_1.18.1/STM32CubeIDE/plugins/com.st.stm32cube.ide.mcu.externaltools.gnu-tools-for-stm32.13.3.rel1.win32_1.0.0.202411081344/tools/bin/../lib/gcc/arm-none-eabi/13.3.1/thumb/v7e-m+fp/hard/crtbegin.o
 .text          0x080001d0       0x10 C:/ST/STM32CubeIDE_1.18.1/STM32CubeIDE/plugins/com.st.stm32cube.ide.mcu.externaltools.gnu-tools-for-stm32.13.3.rel1.win32_1.0.0.202411081344/tools/bin/../lib/gcc/arm-none-eabi/13.3.1/../../../../arm-none-eabi/lib/thumb/v7e-m+fp/hard\libc_nano.a(libc_a-strlen.o)
                0x080001d0                strlen
 .text          0x080001e0       0xa0 C:/ST/STM32CubeIDE_1.18.1/STM32CubeIDE/plugins/com.st.stm32cube.ide.mcu.externaltools.gnu-tools-for-stm32.13.3.rel1.win32_1.0.0.202411081344/tools/bin/../lib/gcc/arm-none-eabi/13.3.1/../../../../arm-none-eabi/lib/thumb/v7e-m+fp/hard\libc_nano.a(libc_a-memchr.o)
                0x080001e0                memchr
 .text          0x08000280       0x30 C:/ST/STM32CubeIDE_1.18.1/STM32CubeIDE/plugins/com.st.stm32cube.ide.mcu.externaltools.gnu-tools-for-stm32.13.3.rel1.win32_1.0.0.202411081344/tools/bin/../lib/gcc/arm-none-eabi/13.3.1/thumb/v7e-m+fp/hard\libgcc.a(_aeabi_uldivmod.o)
                0x08000280                __aeabi_uldivmod
 .text          0x080002b0      0x2f8 C:/ST/STM32CubeIDE_1.18.1/STM32CubeIDE/plugins/com.st.stm32cube.ide.mcu.externaltools.gnu-tools-for-stm32.13.3.rel1.win32_1.0.0.202411081344/tools/bin/../lib/gcc/arm-none-eabi/13.3.1/thumb/v7e-m+fp/hard\libgcc.a(_udivmoddi4.o)
                0x080002b0                __udivmoddi4
 .text          0x080005a8        0x4 C:/ST/STM32CubeIDE_1.18.1/STM32CubeIDE/plugins/com.st.stm32cube.ide.mcu.externaltools.gnu-tools-for-stm32.13.3.rel1.win32_1.0.0.202411081344/tools/bin/../lib/gcc/arm-none-eabi/13.3.1/thumb/v7e-m+fp/hard\libgcc.a(_dvmd_tls.o)
                0x080005a8                __aeabi_idiv0
                0x080005a8                __aeabi_ldiv0
 *(.text*)
 .text.Sensors_Init
                0x080005ac       0x44 ./Core/Src/main.o
 .text.Sensors_Service
                0x080005f0       0x18 ./Core/Src/main.o
 .text.Stepper_Init
                0x08000608       0x1c ./Core/Src/main.o
 .text.Stepper_Service
                0x08000624       0xb8 ./Core/Src/main.o
 .text.Stepper_Start
                0x080006dc       0x64 ./Core/Src/main.o
 .text.Stepper_Stop
                0x08000740       0x24 ./Core/Src/main.o
 .text.Relay_Set
                0x08000764       0x40 ./Core/Src/main.o
 .text.Relay_Init
                0x080007a4       0x14 ./Core/Src/main.o
 .text.Relay_Service
                0x080007b8       0x58 ./Core/Src/main.o
 .text.FrostRelay_Set
                0x08000810       0x40 ./Core/Src/main.o
 .text.PredictMoldRisk
                0x08000850      0x1bc ./Core/Src/main.o
 .text.PredictFrostRisk
                0x08000a0c       0xfc ./Core/Src/main.o
 .text.PredictFlowRisk
                0x08000b08       0xe4 ./Core/Src/main.o
 .text.ESP_FlushRx
                0x08000bec       0x2c ./Core/Src/main.o
 .text.ESP_WaitForResponse
                0x08000c18      0x120 ./Core/Src/main.o
 .text.ESP_SendCommandAndWait
                0x08000d38       0x4c ./Core/Src/main.o
 .text.ESP_InitModule
                0x08000d84       0xec ./Core/Src/main.o
 .text.ESP_EnsureTcpConnected
                0x08000e70       0x50 ./Core/Src/main.o
 .text.ESP_RecoverLink
                0x08000ec0       0x54 ./Core/Src/main.o
 .text.ESP_SendPayload
                0x08000f14       0xd0 ./Core/Src/main.o
 .text.Telemetry_Service
                0x08000fe4       0x90 ./Core/Src/main.o
 .text.ServiceDelay
                0x08001074       0x54 ./Core/Src/main.o
 .text.DWT_Delay_Init
                0x080010c8       0x34 ./Core/Src/main.o
 .text.DelayUs  0x080010fc       0x4c ./Core/Src/main.o
 .text.DHT22_SetPinOutput
                0x08001148       0x3c ./Core/Src/main.o
 .text.DHT22_SetPinInput
                0x08001184       0x38 ./Core/Src/main.o
 .text.DHT22_WaitForState
                0x080011bc       0x68 ./Core/Src/main.o
 .text.DHT22_Read
                0x08001224      0x1b8 ./Core/Src/main.o
 .text.DHT22_Service
                0x080013dc      0x2d8 ./Core/Src/main.o
 .text.FlowSensor_Service
                0x080016b4      0x154 ./Core/Src/main.o
 .text.BuildSensorPayload
                0x08001808      0x140 ./Core/Src/main.o
 .text.main     0x08001948       0x34 ./Core/Src/main.o
                0x08001948                main
 .text.SystemClock_Config
                0x0800197c       0xd4 ./Core/Src/main.o
                0x0800197c                SystemClock_Config
 .text.MX_USART2_UART_Init
                0x08001a50       0x54 ./Core/Src/main.o
 .text.MX_GPIO_Init
                0x08001aa4      0x13c ./Core/Src/main.o
 .text.HAL_GPIO_EXTI_Callback
                0x08001be0       0x2c ./Core/Src/main.o
                0x08001be0                HAL_GPIO_EXTI_Callback
 .text.Error_Handler
                0x08001c0c        0xc ./Core/Src/main.o
                0x08001c0c                Error_Handler
 .text.sha256_rotr
                0x08001c18       0x1e ./Core/Src/secure_telemetry.o
 .text.aes_xtime
                0x08001c36       0x38 ./Core/Src/secure_telemetry.o
 *fill*         0x08001c6e        0x2 
 .text.bytes_to_hex
                0x08001c70       0x6c ./Core/Src/secure_telemetry.o
 .text.store_be32
                0x08001cdc       0x42 ./Core/Src/secure_telemetry.o
 .text.secure_increment_counter
                0x08001d1e       0x44 ./Core/Src/secure_telemetry.o
 *fill*         0x08001d62        0x2 
 .text.aes_key_expansion
                0x08001d64       0xe0 ./Core/Src/secure_telemetry.o
 .text.aes_add_round_key
                0x08001e44       0x46 ./Core/Src/secure_telemetry.o
 *fill*         0x08001e8a        0x2 
 .text.aes_sub_bytes
                0x08001e8c       0x44 ./Core/Src/secure_telemetry.o
 .text.aes_shift_rows
                0x08001ed0       0xa0 ./Core/Src/secure_telemetry.o
 .text.aes_mix_columns
                0x08001f70      0x144 ./Core/Src/secure_telemetry.o
 .text.aes_encrypt_block
                0x080020b4       0xae ./Core/Src/secure_telemetry.o
 .text.aes_ctr_crypt
                0x08002162       0x8e ./Core/Src/secure_telemetry.o
 .text.sha256_transform
                0x080021f0      0x474 ./Core/Src/secure_telemetry.o
 .text.sha256_init
                0x08002664       0x78 ./Core/Src/secure_telemetry.o
 .text.sha256_update
                0x080026dc       0x74 ./Core/Src/secure_telemetry.o
 .text.sha256_final
                0x08002750      0x26e ./Core/Src/secure_telemetry.o
 .text.sha256_hash
                0x080029be       0x38 ./Core/Src/secure_telemetry.o
 .text.hmac_sha256
                0x080029f6      0x192 ./Core/Src/secure_telemetry.o
 .text.build_link_context_digest
                0x08002b88       0x64 ./Core/Src/secure_telemetry.o
 .text.derive_keys
                0x08002bec       0xd4 ./Core/Src/secure_telemetry.o
 .text.load_cached_key_material
                0x08002cc0       0x90 ./Core/Src/secure_telemetry.o
 .text.ensure_session_id
                0x08002d50      0x12c ./Core/Src/secure_telemetry.o
 .text.build_iv
                0x08002e7c       0xcc ./Core/Src/secure_telemetry.o
 .text.SecureTelemetry_Encode
                0x08002f48      0x38c ./Core/Src/secure_telemetry.o
                0x08002f48                SecureTelemetry_Encode
 .text.HAL_MspInit
                0x080032d4       0x50 ./Core/Src/stm32f4xx_hal_msp.o
                0x080032d4                HAL_MspInit
 .text.HAL_UART_MspInit
                0x08003324       0x90 ./Core/Src/stm32f4xx_hal_msp.o
                0x08003324                HAL_UART_MspInit
 .text.NMI_Handler
                0x080033b4        0x8 ./Core/Src/stm32f4xx_it.o
                0x080033b4                NMI_Handler
 .text.HardFault_Handler
                0x080033bc        0x8 ./Core/Src/stm32f4xx_it.o
                0x080033bc                HardFault_Handler
 .text.MemManage_Handler
                0x080033c4        0x8 ./Core/Src/stm32f4xx_it.o
                0x080033c4                MemManage_Handler
 .text.BusFault_Handler
                0x080033cc        0x8 ./Core/Src/stm32f4xx_it.o
                0x080033cc                BusFault_Handler
 .text.UsageFault_Handler
                0x080033d4        0x8 ./Core/Src/stm32f4xx_it.o
                0x080033d4                UsageFault_Handler
 .text.SVC_Handler
                0x080033dc        0xe ./Core/Src/stm32f4xx_it.o
                0x080033dc                SVC_Handler
 .text.DebugMon_Handler
                0x080033ea        0xe ./Core/Src/stm32f4xx_it.o
                0x080033ea                DebugMon_Handler
 .text.PendSV_Handler
                0x080033f8        0xe ./Core/Src/stm32f4xx_it.o
                0x080033f8                PendSV_Handler
 .text.SysTick_Handler
                0x08003406        0xc ./Core/Src/stm32f4xx_it.o
                0x08003406                SysTick_Handler
 .text.EXTI0_IRQHandler
                0x08003412        0xe ./Core/Src/stm32f4xx_it.o
                0x08003412                EXTI0_IRQHandler
 .text._sbrk    0x08003420       0x6c ./Core/Src/sysmem.o
                0x08003420                _sbrk
 .text.SystemInit
                0x0800348c       0x24 ./Core/Src/system_stm32f4xx.o
                0x0800348c                SystemInit
 .text.Reset_Handler
                0x080034b0       0x50 ./Core/Startup/startup_stm32f407vgtx.o
                0x080034b0                Reset_Handler
 .text.Default_Handler
                0x08003500        0x2 ./Core/Startup/startup_stm32f407vgtx.o
                0x08003500                RTC_Alarm_IRQHandler
                0x08003500                HASH_RNG_IRQHandler
                0x08003500                EXTI2_IRQHandler
                0x08003500                TIM8_CC_IRQHandler
                0x08003500                TIM1_CC_IRQHandler
                0x08003500                DMA2_Stream5_IRQHandler
                0x08003500                DMA1_Stream5_IRQHandler
                0x08003500                PVD_IRQHandler
                0x08003500                SDIO_IRQHandler
                0x08003500                TAMP_STAMP_IRQHandler
                0x08003500                CAN2_RX1_IRQHandler
                0x08003500                EXTI3_IRQHandler
                0x08003500                TIM8_TRG_COM_TIM14_IRQHandler
                0x08003500                TIM1_UP_TIM10_IRQHandler
                0x08003500                TIM8_UP_TIM13_IRQHandler
                0x08003500                I2C3_ER_IRQHandler
                0x08003500                I2C2_EV_IRQHandler
                0x08003500                DMA1_Stream2_IRQHandler
                0x08003500                CAN1_RX0_IRQHandler
                0x08003500                FPU_IRQHandler
                0x08003500                OTG_HS_WKUP_IRQHandler
                0x08003500                CAN2_SCE_IRQHandler
                0x08003500                DMA2_Stream2_IRQHandler
                0x08003500                SPI1_IRQHandler
                0x08003500                TIM6_DAC_IRQHandler
                0x08003500                TIM1_BRK_TIM9_IRQHandler
                0x08003500                DCMI_IRQHandler
                0x08003500                CAN2_RX0_IRQHandler
                0x08003500                DMA2_Stream3_IRQHandler
                0x08003500                USART6_IRQHandler
                0x08003500                USART3_IRQHandler
                0x08003500                CAN1_RX1_IRQHandler
                0x08003500                UART5_IRQHandler
                0x08003500                DMA2_Stream0_IRQHandler
                0x08003500                TIM4_IRQHandler
                0x08003500                I2C1_EV_IRQHandler
                0x08003500                DMA1_Stream6_IRQHandler
                0x08003500                DMA1_Stream1_IRQHandler
                0x08003500                UART4_IRQHandler
                0x08003500                TIM3_IRQHandler
                0x08003500                RCC_IRQHandler
                0x08003500                TIM8_BRK_TIM12_IRQHandler
                0x08003500                Default_Handler
                0x08003500                EXTI15_10_IRQHandler
                0x08003500                ADC_IRQHandler
                0x08003500                DMA1_Stream7_IRQHandler
                0x08003500                TIM7_IRQHandler
                0x08003500                CAN2_TX_IRQHandler
                0x08003500                TIM5_IRQHandler
                0x08003500                DMA2_Stream7_IRQHandler
                0x08003500                I2C3_EV_IRQHandler
                0x08003500                EXTI9_5_IRQHandler
                0x08003500                RTC_WKUP_IRQHandler
                0x08003500                ETH_WKUP_IRQHandler
                0x08003500                SPI2_IRQHandler
                0x08003500                OTG_HS_EP1_IN_IRQHandler
                0x08003500                DMA1_Stream0_IRQHandler
                0x08003500                CAN1_TX_IRQHandler
                0x08003500                EXTI4_IRQHandler
                0x08003500                FSMC_IRQHandler
                0x08003500                ETH_IRQHandler
                0x08003500                OTG_HS_EP1_OUT_IRQHandler
                0x08003500                WWDG_IRQHandler
                0x08003500                TIM2_IRQHandler
                0x08003500                OTG_FS_WKUP_IRQHandler
                0x08003500                TIM1_TRG_COM_TIM11_IRQHandler
                0x08003500                OTG_HS_IRQHandler
                0x08003500                EXTI1_IRQHandler
                0x08003500                USART2_IRQHandler
                0x08003500                I2C2_ER_IRQHandler
                0x08003500                DMA2_Stream1_IRQHandler
                0x08003500                CAN1_SCE_IRQHandler
                0x08003500                FLASH_IRQHandler
                0x08003500                DMA2_Stream4_IRQHandler
                0x08003500                USART1_IRQHandler
                0x08003500                OTG_FS_IRQHandler
                0x08003500                SPI3_IRQHandler
                0x08003500                DMA1_Stream4_IRQHandler
                0x08003500                I2C1_ER_IRQHandler
                0x08003500                DMA2_Stream6_IRQHandler
                0x08003500                DMA1_Stream3_IRQHandler
 *fill*         0x08003502        0x2 
 .text.HAL_Init
                0x08003504       0x44 ./Drivers/STM32F4xx_HAL_Driver/Src/stm32f4xx_hal.o
                0x08003504                HAL_Init
 .text.HAL_InitTick
                0x08003548       0x60 ./Drivers/STM32F4xx_HAL_Driver/Src/stm32f4xx_hal.o
                0x08003548                HAL_InitTick
 .text.HAL_IncTick
                0x080035a8       0x28 ./Drivers/STM32F4xx_HAL_Driver/Src/stm32f4xx_hal.o
                0x080035a8                HAL_IncTick
 .text.HAL_GetTick
                0x080035d0       0x18 ./Drivers/STM32F4xx_HAL_Driver/Src/stm32f4xx_hal.o
                0x080035d0                HAL_GetTick
 .text.HAL_Delay
                0x080035e8       0x48 ./Drivers/STM32F4xx_HAL_Driver/Src/stm32f4xx_hal.o
                0x080035e8                HAL_Delay
 .text.__NVIC_SetPriorityGrouping
                0x08003630       0x48 ./Drivers/STM32F4xx_HAL_Driver/Src/stm32f4xx_hal_cortex.o
 .text.__NVIC_GetPriorityGrouping
                0x08003678       0x1c ./Drivers/STM32F4xx_HAL_Driver/Src/stm32f4xx_hal_cortex.o
 .text.__NVIC_EnableIRQ
                0x08003694       0x3c ./Drivers/STM32F4xx_HAL_Driver/Src/stm32f4xx_hal_cortex.o
 .text.__NVIC_SetPriority
                0x080036d0       0x54 ./Drivers/STM32F4xx_HAL_Driver/Src/stm32f4xx_hal_cortex.o
 .text.NVIC_EncodePriority
                0x08003724       0x66 ./Drivers/STM32F4xx_HAL_Driver/Src/stm32f4xx_hal_cortex.o
 *fill*         0x0800378a        0x2 
 .text.SysTick_Config
                0x0800378c       0x44 ./Drivers/STM32F4xx_HAL_Driver/Src/stm32f4xx_hal_cortex.o
 .text.HAL_NVIC_SetPriorityGrouping
                0x080037d0       0x16 ./Drivers/STM32F4xx_HAL_Driver/Src/stm32f4xx_hal_cortex.o
                0x080037d0                HAL_NVIC_SetPriorityGrouping
 .text.HAL_NVIC_SetPriority
                0x080037e6       0x38 ./Drivers/STM32F4xx_HAL_Driver/Src/stm32f4xx_hal_cortex.o
                0x080037e6                HAL_NVIC_SetPriority
 .text.HAL_NVIC_EnableIRQ
                0x0800381e       0x1c ./Drivers/STM32F4xx_HAL_Driver/Src/stm32f4xx_hal_cortex.o
                0x0800381e                HAL_NVIC_EnableIRQ
 .text.HAL_SYSTICK_Config
                0x0800383a       0x18 ./Drivers/STM32F4xx_HAL_Driver/Src/stm32f4xx_hal_cortex.o
                0x0800383a                HAL_SYSTICK_Config
 *fill*         0x08003852        0x2 
 .text.HAL_GPIO_Init
                0x08003854      0x338 ./Drivers/STM32F4xx_HAL_Driver/Src/stm32f4xx_hal_gpio.o
                0x08003854                HAL_GPIO_Init
 .text.HAL_GPIO_ReadPin
                0x08003b8c       0x30 ./Drivers/STM32F4xx_HAL_Driver/Src/stm32f4xx_hal_gpio.o
                0x08003b8c                HAL_GPIO_ReadPin
 .text.HAL_GPIO_WritePin
                0x08003bbc       0x32 ./Drivers/STM32F4xx_HAL_Driver/Src/stm32f4xx_hal_gpio.o
                0x08003bbc                HAL_GPIO_WritePin
 *fill*         0x08003bee        0x2 
 .text.HAL_GPIO_EXTI_IRQHandler
                0x08003bf0       0x30 ./Drivers/STM32F4xx_HAL_Driver/Src/stm32f4xx_hal_gpio.o
                0x08003bf0                HAL_GPIO_EXTI_IRQHandler
 .text.HAL_RCC_OscConfig
                0x08003c20      0x4f0 ./Drivers/STM32F4xx_HAL_Driver/Src/stm32f4xx_hal_rcc.o
                0x08003c20                HAL_RCC_OscConfig
 .text.HAL_RCC_ClockConfig
                0x08004110      0x1cc ./Drivers/STM32F4xx_HAL_Driver/Src/stm32f4xx_hal_rcc.o
                0x08004110                HAL_RCC_ClockConfig
 .text.HAL_RCC_GetSysClockFreq
                0x080042dc      0x20c ./Drivers/STM32F4xx_HAL_Driver/Src/stm32f4xx_hal_rcc.o
                0x080042dc                HAL_RCC_GetSysClockFreq
 .text.HAL_RCC_GetHCLKFreq
                0x080044e8       0x18 ./Drivers/STM32F4xx_HAL_Driver/Src/stm32f4xx_hal_rcc.o
                0x080044e8                HAL_RCC_GetHCLKFreq
 .text.HAL_RCC_GetPCLK1Freq
                0x08004500       0x28 ./Drivers/STM32F4xx_HAL_Driver/Src/stm32f4xx_hal_rcc.o
                0x08004500                HAL_RCC_GetPCLK1Freq
 .text.HAL_RCC_GetPCLK2Freq
                0x08004528       0x28 ./Drivers/STM32F4xx_HAL_Driver/Src/stm32f4xx_hal_rcc.o
                0x08004528                HAL_RCC_GetPCLK2Freq
 .text.HAL_UART_Init
                0x08004550       0xa0 ./Drivers/STM32F4xx_HAL_Driver/Src/stm32f4xx_hal_uart.o
                0x08004550                HAL_UART_Init
 .text.HAL_UART_Transmit
                0x080045f0      0x116 ./Drivers/STM32F4xx_HAL_Driver/Src/stm32f4xx_hal_uart.o
                0x080045f0                HAL_UART_Transmit
 .text.HAL_UART_Receive
                0x08004706      0x12e ./Drivers/STM32F4xx_HAL_Driver/Src/stm32f4xx_hal_uart.o
                0x08004706                HAL_UART_Receive
 .text.UART_WaitOnFlagUntilTimeout
                0x08004834       0xb2 ./Drivers/STM32F4xx_HAL_Driver/Src/stm32f4xx_hal_uart.o
 .text.UART_EndRxTransfer
                0x080048e6       0xc6 ./Drivers/STM32F4xx_HAL_Driver/Src/stm32f4xx_hal_uart.o
 .text.UART_SetConfig
                0x080049ac      0x4e8 ./Drivers/STM32F4xx_HAL_Driver/Src/stm32f4xx_hal_uart.o
 .text.snprintf
                0x08004e94       0x6c C:/ST/STM32CubeIDE_1.18.1/STM32CubeIDE/plugins/com.st.stm32cube.ide.mcu.externaltools.gnu-tools-for-stm32.13.3.rel1.win32_1.0.0.202411081344/tools/bin/../lib/gcc/arm-none-eabi/13.3.1/../../../../arm-none-eabi/lib/thumb/v7e-m+fp/hard\libc_nano.a(libc_a-snprintf.o)
                0x08004e94                sniprintf
                0x08004e94                snprintf
 .text.memmove  0x08004f00       0x34 C:/ST/STM32CubeIDE_1.18.1/STM32CubeIDE/plugins/com.st.stm32cube.ide.mcu.externaltools.gnu-tools-for-stm32.13.3.rel1.win32_1.0.0.202411081344/tools/bin/../lib/gcc/arm-none-eabi/13.3.1/../../../../arm-none-eabi/lib/thumb/v7e-m+fp/hard\libc_nano.a(libc_a-memmove.o)
                0x08004f00                memmove
 .text.memset   0x08004f34       0x10 C:/ST/STM32CubeIDE_1.18.1/STM32CubeIDE/plugins/com.st.stm32cube.ide.mcu.externaltools.gnu-tools-for-stm32.13.3.rel1.win32_1.0.0.202411081344/tools/bin/../lib/gcc/arm-none-eabi/13.3.1/../../../../arm-none-eabi/lib/thumb/v7e-m+fp/hard\libc_nano.a(libc_a-memset.o)
                0x08004f34                memset
 .text.strncmp  0x08004f44       0x24 C:/ST/STM32CubeIDE_1.18.1/STM32CubeIDE/plugins/com.st.stm32cube.ide.mcu.externaltools.gnu-tools-for-stm32.13.3.rel1.win32_1.0.0.202411081344/tools/bin/../lib/gcc/arm-none-eabi/13.3.1/../../../../arm-none-eabi/lib/thumb/v7e-m+fp/hard\libc_nano.a(libc_a-strncmp.o)
                0x08004f44                strncmp
 .text.strstr   0x08004f68       0x2c C:/ST/STM32CubeIDE_1.18.1/STM32CubeIDE/plugins/com.st.stm32cube.ide.mcu.externaltools.gnu-tools-for-stm32.13.3.rel1.win32_1.0.0.202411081344/tools/bin/../lib/gcc/arm-none-eabi/13.3.1/../../../../arm-none-eabi/lib/thumb/v7e-m+fp/hard\libc_nano.a(libc_a-strstr.o)
                0x08004f68                strstr
 .text.__errno  0x08004f94        0xc C:/ST/STM32CubeIDE_1.18.1/STM32CubeIDE/plugins/com.st.stm32cube.ide.mcu.externaltools.gnu-tools-for-stm32.13.3.rel1.win32_1.0.0.202411081344/tools/bin/../lib/gcc/arm-none-eabi/13.3.1/../../../../arm-none-eabi/lib/thumb/v7e-m+fp/hard\libc_nano.a(libc_a-errno.o)
                0x08004f94                __errno
 .text.__libc_init_array
                0x08004fa0       0x48 C:/ST/STM32CubeIDE_1.18.1/STM32CubeIDE/plugins/com.st.stm32cube.ide.mcu.externaltools.gnu-tools-for-stm32.13.3.rel1.win32_1.0.0.202411081344/tools/bin/../lib/gcc/arm-none-eabi/13.3.1/../../../../arm-none-eabi/lib/thumb/v7e-m+fp/hard\libc_nano.a(libc_a-init.o)
                0x08004fa0                __libc_init_array
 .text.__retarget_lock_acquire_recursive
                0x08004fe8        0x2 C:/ST/STM32CubeIDE_1.18.1/STM32CubeIDE/plugins/com.st.stm32cube.ide.mcu.externaltools.gnu-tools-for-stm32.13.3.rel1.win32_1.0.0.202411081344/tools/bin/../lib/gcc/arm-none-eabi/13.3.1/../../../../arm-none-eabi/lib/thumb/v7e-m+fp/hard\libc_nano.a(libc_a-lock.o)
                0x08004fe8                __retarget_lock_acquire_recursive
 .text.__retarget_lock_release_recursive
                0x08004fea        0x2 C:/ST/STM32CubeIDE_1.18.1/STM32CubeIDE/plugins/com.st.stm32cube.ide.mcu.externaltools.gnu-tools-for-stm32.13.3.rel1.win32_1.0.0.202411081344/tools/bin/../lib/gcc/arm-none-eabi/13.3.1/../../../../arm-none-eabi/lib/thumb/v7e-m+fp/hard\libc_nano.a(libc_a-lock.o)
                0x08004fea                __retarget_lock_release_recursive
 .text.memcpy   0x08004fec       0x1c C:/ST/STM32CubeIDE_1.18.1/STM32CubeIDE/plugins/com.st.stm32cube.ide.mcu.externaltools.gnu-tools-for-stm32.13.3.rel1.win32_1.0.0.202411081344/tools/bin/../lib/gcc/arm-none-eabi/13.3.1/../../../../arm-none-eabi/lib/thumb/v7e-m+fp/hard\libc_nano.a(libc_a-memcpy-stub.o)
                0x08004fec                memcpy
 .text._free_r  0x08005008       0x94 C:/ST/STM32CubeIDE_1.18.1/STM32CubeIDE/plugins/com.st.stm32cube.ide.mcu.externaltools.gnu-tools-for-stm32.13.3.rel1.win32_1.0.0.202411081344/tools/bin/../lib/gcc/arm-none-eabi/13.3.1/../../../../arm-none-eabi/lib/thumb/v7e-m+fp/hard\libc_nano.a(libc_a-freer.o)
                0x08005008                _free_r
 .text.sbrk_aligned
                0x0800509c       0x44 C:/ST/STM32CubeIDE_1.18.1/STM32CubeIDE/plugins/com.st.stm32cube.ide.mcu.externaltools.gnu-tools-for-stm32.13.3.rel1.win32_1.0.0.202411081344/tools/bin/../lib/gcc/arm-none-eabi/13.3.1/../../../../arm-none-eabi/lib/thumb/v7e-m+fp/hard\libc_nano.a(libc_a-mallocr.o)
 .text._malloc_r
                0x080050e0      0x100 C:/ST/STM32CubeIDE_1.18.1/STM32CubeIDE/plugins/com.st.stm32cube.ide.mcu.externaltools.gnu-tools-for-stm32.13.3.rel1.win32_1.0.0.202411081344/tools/bin/../lib/gcc/arm-none-eabi/13.3.1/../../../../arm-none-eabi/lib/thumb/v7e-m+fp/hard\libc_nano.a(libc_a-mallocr.o)
                0x080050e0                _malloc_r
 .text.__malloc_lock
                0x080051e0        0xc C:/ST/STM32CubeIDE_1.18.1/STM32CubeIDE/plugins/com.st.stm32cube.ide.mcu.externaltools.gnu-tools-for-stm32.13.3.rel1.win32_1.0.0.202411081344/tools/bin/../lib/gcc/arm-none-eabi/13.3.1/../../../../arm-none-eabi/lib/thumb/v7e-m+fp/hard\libc_nano.a(libc_a-mlock.o)
                0x080051e0                __malloc_lock
 .text.__malloc_unlock
                0x080051ec        0xc C:/ST/STM32CubeIDE_1.18.1/STM32CubeIDE/plugins/com.st.stm32cube.ide.mcu.externaltools.gnu-tools-for-stm32.13.3.rel1.win32_1.0.0.202411081344/tools/bin/../lib/gcc/arm-none-eabi/13.3.1/../../../../arm-none-eabi/lib/thumb/v7e-m+fp/hard\libc_nano.a(libc_a-mlock.o)
                0x080051ec                __malloc_unlock
 .text.__ssputs_r
                0x080051f8       0xb6 C:/ST/STM32CubeIDE_1.18.1/STM32CubeIDE/plugins/com.st.stm32cube.ide.mcu.externaltools.gnu-tools-for-stm32.13.3.rel1.win32_1.0.0.202411081344/tools/bin/../lib/gcc/arm-none-eabi/13.3.1/../../../../arm-none-eabi/lib/thumb/v7e-m+fp/hard\libc_nano.a(libc_a-nano-svfprintf.o)
                0x080051f8                __ssputs_r
 *fill*         0x080052ae        0x2 
 .text._svfprintf_r
                0x080052b0      0x1f8 C:/ST/STM32CubeIDE_1.18.1/STM32CubeIDE/plugins/com.st.stm32cube.ide.mcu.externaltools.gnu-tools-for-stm32.13.3.rel1.win32_1.0.0.202411081344/tools/bin/../lib/gcc/arm-none-eabi/13.3.1/../../../../arm-none-eabi/lib/thumb/v7e-m+fp/hard\libc_nano.a(libc_a-nano-svfprintf.o)
                0x080052b0                _svfiprintf_r
                0x080052b0                _svfprintf_r
 .text._printf_common
                0x080054a8       0xda C:/ST/STM32CubeIDE_1.18.1/STM32CubeIDE/plugins/com.st.stm32cube.ide.mcu.externaltools.gnu-tools-for-stm32.13.3.rel1.win32_1.0.0.202411081344/tools/bin/../lib/gcc/arm-none-eabi/13.3.1/../../../../arm-none-eabi/lib/thumb/v7e-m+fp/hard\libc_nano.a(libc_a-nano-vfprintf_i.o)
                0x080054a8                _printf_common
 *fill*         0x08005582        0x2 
 .text._printf_i
                0x08005584      0x23c C:/ST/STM32CubeIDE_1.18.1/STM32CubeIDE/plugins/com.st.stm32cube.ide.mcu.externaltools.gnu-tools-for-stm32.13.3.rel1.win32_1.0.0.202411081344/tools/bin/../lib/gcc/arm-none-eabi/13.3.1/../../../../arm-none-eabi/lib/thumb/v7e-m+fp/hard\libc_nano.a(libc_a-nano-vfprintf_i.o)
                0x08005584                _printf_i
 .text._sbrk_r  0x080057c0       0x20 C:/ST/STM32CubeIDE_1.18.1/STM32CubeIDE/plugins/com.st.stm32cube.ide.mcu.externaltools.gnu-tools-for-stm32.13.3.rel1.win32_1.0.0.202411081344/tools/bin/../lib/gcc/arm-none-eabi/13.3.1/../../../../arm-none-eabi/lib/thumb/v7e-m+fp/hard\libc_nano.a(libc_a-sbrkr.o)
                0x080057c0                _sbrk_r
 .text._realloc_r
                0x080057e0       0x5c C:/ST/STM32CubeIDE_1.18.1/STM32CubeIDE/plugins/com.st.stm32cube.ide.mcu.externaltools.gnu-tools-for-stm32.13.3.rel1.win32_1.0.0.202411081344/tools/bin/../lib/gcc/arm-none-eabi/13.3.1/../../../../arm-none-eabi/lib/thumb/v7e-m+fp/hard\libc_nano.a(libc_a-reallocr.o)
                0x080057e0                _realloc_r
 .text._malloc_usable_size_r
                0x0800583c       0x10 C:/ST/STM32CubeIDE_1.18.1/STM32CubeIDE/plugins/com.st.stm32cube.ide.mcu.externaltools.gnu-tools-for-stm32.13.3.rel1.win32_1.0.0.202411081344/tools/bin/../lib/gcc/arm-none-eabi/13.3.1/../../../../arm-none-eabi/lib/thumb/v7e-m+fp/hard\libc_nano.a(libc_a-msizer.o)
                0x0800583c                _malloc_usable_size_r
 *(.glue_7)
 .glue_7        0x0800584c        0x0 linker stubs
 *(.glue_7t)
 .glue_7t       0x0800584c        0x0 linker stubs
 *(.eh_frame)
 .eh_frame      0x0800584c        0x0 C:/ST/STM32CubeIDE_1.18.1/STM32CubeIDE/plugins/com.st.stm32cube.ide.mcu.externaltools.gnu-tools-for-stm32.13.3.rel1.win32_1.0.0.202411081344/tools/bin/../lib/gcc/arm-none-eabi/13.3.1/thumb/v7e-m+fp/hard/crtbegin.o
 *(.init)
 .init          0x0800584c        0x4 C:/ST/STM32CubeIDE_1.18.1/STM32CubeIDE/plugins/com.st.stm32cube.ide.mcu.externaltools.gnu-tools-for-stm32.13.3.rel1.win32_1.0.0.202411081344/tools/bin/../lib/gcc/arm-none-eabi/13.3.1/thumb/v7e-m+fp/hard/crti.o
                0x0800584c                _init
 .init          0x08005850        0x8 C:/ST/STM32CubeIDE_1.18.1/STM32CubeIDE/plugins/com.st.stm32cube.ide.mcu.externaltools.gnu-tools-for-stm32.13.3.rel1.win32_1.0.0.202411081344/tools/bin/../lib/gcc/arm-none-eabi/13.3.1/thumb/v7e-m+fp/hard/crtn.o
 *(.fini)
 .fini          0x08005858        0x4 C:/ST/STM32CubeIDE_1.18.1/STM32CubeIDE/plugins/com.st.stm32cube.ide.mcu.externaltools.gnu-tools-for-stm32.13.3.rel1.win32_1.0.0.202411081344/tools/bin/../lib/gcc/arm-none-eabi/13.3.1/thumb/v7e-m+fp/hard/crti.o
                0x08005858                _fini
 .fini          0x0800585c        0x8 C:/ST/STM32CubeIDE_1.18.1/STM32CubeIDE/plugins/com.st.stm32cube.ide.mcu.externaltools.gnu-tools-for-stm32.13.3.rel1.win32_1.0.0.202411081344/tools/bin/../lib/gcc/arm-none-eabi/13.3.1/thumb/v7e-m+fp/hard/crtn.o
                0x08005864                        . = ALIGN (0x4)
                0x08005864                        _etext = .

.vfp11_veneer   0x08005864        0x0
 .vfp11_veneer  0x08005864        0x0 linker stubs

.v4_bx          0x08005864        0x0
 .v4_bx         0x08005864        0x0 linker stubs

.iplt           0x08005864        0x0
 .iplt          0x08005864        0x0 C:/ST/STM32CubeIDE_1.18.1/STM32CubeIDE/plugins/com.st.stm32cube.ide.mcu.externaltools.gnu-tools-for-stm32.13.3.rel1.win32_1.0.0.202411081344/tools/bin/../lib/gcc/arm-none-eabi/13.3.1/thumb/v7e-m+fp/hard/crtbegin.o

.rodata         0x08005864      0x484
                0x08005864                        . = ALIGN (0x4)
 *(.rodata)
 .rodata        0x08005864      0x18a ./Core/Src/main.o
 *fill*         0x080059ee        0x2 
 .rodata        0x080059f0       0x31 ./Core/Src/secure_telemetry.o
 *(.rodata*)
 *fill*         0x08005a21        0x3 
 .rodata.stepper_sequence
                0x08005a24       0x10 ./Core/Src/main.o
 .rodata.s_aes_sbox
                0x08005a34      0x100 ./Core/Src/secure_telemetry.o
 .rodata.s_aes_rcon
                0x08005b34        0xb ./Core/Src/secure_telemetry.o
 *fill*         0x08005b3f        0x1 
 .rodata.s_sha256_k
                0x08005b40      0x100 ./Core/Src/secure_telemetry.o
 .rodata.hex_digits.5
                0x08005c40       0x11 ./Core/Src/secure_telemetry.o
 *fill*         0x08005c51        0x3 
 .rodata.context_label.4
                0x08005c54       0x14 ./Core/Src/secure_telemetry.o
 .rodata.aes_label.3
                0x08005c68        0xc ./Core/Src/secure_telemetry.o
 .rodata.hmac_label.2
                0x08005c74        0xc ./Core/Src/secure_telemetry.o
 .rodata.session_label.1
                0x08005c80        0xf ./Core/Src/secure_telemetry.o
 *fill*         0x08005c8f        0x1 
 .rodata.iv_label.0
                0x08005c90        0xa ./Core/Src/secure_telemetry.o
 *fill*         0x08005c9a        0x2 
 .rodata.AHBPrescTable
                0x08005c9c       0x10 ./Core/Src/system_stm32f4xx.o
                0x08005c9c                AHBPrescTable
 .rodata.APBPrescTable
                0x08005cac        0x8 ./Core/Src/system_stm32f4xx.o
                0x08005cac                APBPrescTable
 .rodata._svfprintf_r.str1.1
                0x08005cb4       0x33 C:/ST/STM32CubeIDE_1.18.1/STM32CubeIDE/plugins/com.st.stm32cube.ide.mcu.externaltools.gnu-tools-for-stm32.13.3.rel1.win32_1.0.0.202411081344/tools/bin/../lib/gcc/arm-none-eabi/13.3.1/../../../../arm-none-eabi/lib/thumb/v7e-m+fp/hard\libc_nano.a(libc_a-nano-svfprintf.o)
                                 0x11 (size before relaxing)
 .rodata._printf_i.str1.1
                0x08005ce7       0x22 C:/ST/STM32CubeIDE_1.18.1/STM32CubeIDE/plugins/com.st.stm32cube.ide.mcu.externaltools.gnu-tools-for-stm32.13.3.rel1.win32_1.0.0.202411081344/tools/bin/../lib/gcc/arm-none-eabi/13.3.1/../../../../arm-none-eabi/lib/thumb/v7e-m+fp/hard\libc_nano.a(libc_a-nano-vfprintf_i.o)
                0x08005d0c                        . = ALIGN (0x4)
 *fill*         0x08005ce7        0x1 

.ARM.extab      0x08005ce8        0x0
                0x08005ce8                        . = ALIGN (0x4)
 *(.ARM.extab* .gnu.linkonce.armextab.*)
                0x08005ce8                        . = ALIGN (0x4)

.ARM            0x08005ce8        0x8
                0x08005ce8                        . = ALIGN (0x4)
                0x08005ce8                        __exidx_start = .
 *(.ARM.exidx*)
 .ARM.exidx     0x08005ce8        0x8 C:/ST/STM32CubeIDE_1.18.1/STM32CubeIDE/plugins/com.st.stm32cube.ide.mcu.externaltools.gnu-tools-for-stm32.13.3.rel1.win32_1.0.0.202411081344/tools/bin/../lib/gcc/arm-none-eabi/13.3.1/../../../../arm-none-eabi/lib/thumb/v7e-m+fp/hard\libc_nano.a(libc_a-strlen.o)
 .ARM.exidx     0x08005cf0        0x0 C:/ST/STM32CubeIDE_1.18.1/STM32CubeIDE/plugins/com.st.stm32cube.ide.mcu.externaltools.gnu-tools-for-stm32.13.3.rel1.win32_1.0.0.202411081344/tools/bin/../lib/gcc/arm-none-eabi/13.3.1/../../../../arm-none-eabi/lib/thumb/v7e-m+fp/hard\libc_nano.a(libc_a-memchr.o)
                                  0x8 (size before relaxing)
 .ARM.exidx     0x08005cf0        0x0 C:/ST/STM32CubeIDE_1.18.1/STM32CubeIDE/plugins/com.st.stm32cube.ide.mcu.externaltools.gnu-tools-for-stm32.13.3.rel1.win32_1.0.0.202411081344/tools/bin/../lib/gcc/arm-none-eabi/13.3.1/thumb/v7e-m+fp/hard\libgcc.a(_udivmoddi4.o)
                                  0x8 (size before relaxing)
                0x08005cf0                        __exidx_end = .
                0x08005cf0                        . = ALIGN (0x4)

.preinit_array  0x08005cf0        0x0
                0x08005cf0                        . = ALIGN (0x4)
                0x08005cf0                        PROVIDE (__preinit_array_start = .)
 *(.preinit_array*)
                0x08005cf0                        PROVIDE (__preinit_array_end = .)
                0x08005cf0                        . = ALIGN (0x4)

.init_array     0x08005cf0        0x4
                0x08005cf0                        . = ALIGN (0x4)
                0x08005cf0                        PROVIDE (__init_array_start = .)
 *(SORT_BY_NAME(.init_array.*))
 *(.init_array*)
 .init_array    0x08005cf0        0x4 C:/ST/STM32CubeIDE_1.18.1/STM32CubeIDE/plugins/com.st.stm32cube.ide.mcu.externaltools.gnu-tools-for-stm32.13.3.rel1.win32_1.0.0.202411081344/tools/bin/../lib/gcc/arm-none-eabi/13.3.1/thumb/v7e-m+fp/hard/crtbegin.o
                0x08005cf4                        PROVIDE (__init_array_end = .)
                0x08005cf4                        . = ALIGN (0x4)

.fini_array     0x08005cf4        0x4
                0x08005cf4                        . = ALIGN (0x4)
                [!provide]                        PROVIDE (__fini_array_start = .)
 *(SORT_BY_NAME(.fini_array.*))
 *(.fini_array*)
 .fini_array    0x08005cf4        0x4 C:/ST/STM32CubeIDE_1.18.1/STM32CubeIDE/plugins/com.st.stm32cube.ide.mcu.externaltools.gnu-tools-for-stm32.13.3.rel1.win32_1.0.0.202411081344/tools/bin/../lib/gcc/arm-none-eabi/13.3.1/thumb/v7e-m+fp/hard/crtbegin.o
                [!provide]                        PROVIDE (__fini_array_end = .)
                0x08005cf8                        . = ALIGN (0x4)
                0x08005cf8                        _sidata = LOADADDR (.data)

.rel.dyn        0x08005cf8        0x0
 .rel.iplt      0x08005cf8        0x0 C:/ST/STM32CubeIDE_1.18.1/STM32CubeIDE/plugins/com.st.stm32cube.ide.mcu.externaltools.gnu-tools-for-stm32.13.3.rel1.win32_1.0.0.202411081344/tools/bin/../lib/gcc/arm-none-eabi/13.3.1/thumb/v7e-m+fp/hard/crtbegin.o

.data           0x20000000       0x5c load address 0x08005cf8
                0x20000000                        . = ALIGN (0x4)
                0x20000000                        _sdata = .
 *(.data)
 *(.data*)
 .data.SystemCoreClock
                0x20000000        0x4 ./Core/Src/system_stm32f4xx.o
                0x20000000                SystemCoreClock
 .data.uwTickPrio
                0x20000004        0x4 ./Drivers/STM32F4xx_HAL_Driver/Src/stm32f4xx_hal.o
                0x20000004                uwTickPrio
 .data.uwTickFreq
                0x20000008        0x1 ./Drivers/STM32F4xx_HAL_Driver/Src/stm32f4xx_hal.o
                0x20000008                uwTickFreq
 *fill*         0x20000009        0x3 
 .data._impure_ptr
                0x2000000c        0x4 C:/ST/STM32CubeIDE_1.18.1/STM32CubeIDE/plugins/com.st.stm32cube.ide.mcu.externaltools.gnu-tools-for-stm32.13.3.rel1.win32_1.0.0.202411081344/tools/bin/../lib/gcc/arm-none-eabi/13.3.1/../../../../arm-none-eabi/lib/thumb/v7e-m+fp/hard\libc_nano.a(libc_a-impure.o)
                0x2000000c                _impure_ptr
 .data._impure_data
                0x20000010       0x4c C:/ST/STM32CubeIDE_1.18.1/STM32CubeIDE/plugins/com.st.stm32cube.ide.mcu.externaltools.gnu-tools-for-stm32.13.3.rel1.win32_1.0.0.202411081344/tools/bin/../lib/gcc/arm-none-eabi/13.3.1/../../../../arm-none-eabi/lib/thumb/v7e-m+fp/hard\libc_nano.a(libc_a-impure.o)
                0x20000010                _impure_data
 *(.RamFunc)
 *(.RamFunc*)
                0x2000005c                        . = ALIGN (0x4)
                0x2000005c                        _edata = .
                0x08005d54                        _siccmram = LOADADDR (.ccmram)

.igot.plt       0x2000005c        0x0 load address 0x08005d54
 .igot.plt      0x2000005c        0x0 C:/ST/STM32CubeIDE_1.18.1/STM32CubeIDE/plugins/com.st.stm32cube.ide.mcu.externaltools.gnu-tools-for-stm32.13.3.rel1.win32_1.0.0.202411081344/tools/bin/../lib/gcc/arm-none-eabi/13.3.1/thumb/v7e-m+fp/hard/crtbegin.o

.ccmram         0x10000000        0x0 load address 0x08005d54
                0x10000000                        . = ALIGN (0x4)
                0x10000000                        _sccmram = .
 *(.ccmram)
 *(.ccmram*)
                0x10000000                        . = ALIGN (0x4)
                0x10000000                        _eccmram = .
                0x10000000                        . = ALIGN (0x4)

.bss            0x2000005c      0x4f0
                0x2000005c                        _sbss = .
                0x2000005c                        __bss_start__ = _sbss
 *(.bss)
 .bss           0x2000005c       0x1c C:/ST/STM32CubeIDE_1.18.1/STM32CubeIDE/plugins/com.st.stm32cube.ide.mcu.externaltools.gnu-tools-for-stm32.13.3.rel1.win32_1.0.0.202411081344/tools/bin/../lib/gcc/arm-none-eabi/13.3.1/thumb/v7e-m+fp/hard/crtbegin.o
 *(.bss*)
 .bss.huart2    0x20000078       0x48 ./Core/Src/main.o
                0x20000078                huart2
 .bss.g_temperature_c
                0x200000c0        0x4 ./Core/Src/main.o
                0x200000c0                g_temperature_c
 .bss.g_humidity_pct
                0x200000c4        0x4 ./Core/Src/main.o
                0x200000c4                g_humidity_pct
 .bss.g_flow_l_min
                0x200000c8        0x4 ./Core/Src/main.o
                0x200000c8                g_flow_l_min
 .bss.g_flow_total_l
                0x200000cc        0x4 ./Core/Src/main.o
                0x200000cc                g_flow_total_l
 .bss.g_flow_frequency_hz
                0x200000d0        0x4 ./Core/Src/main.o
                0x200000d0                g_flow_frequency_hz
 .bss.g_flow_pulse_count
                0x200000d4        0x4 ./Core/Src/main.o
                0x200000d4                g_flow_pulse_count
 .bss.g_dht_valid
                0x200000d8        0x1 ./Core/Src/main.o
                0x200000d8                g_dht_valid
 *fill*         0x200000d9        0x3 
 .bss.flow_last_sample_tick
                0x200000dc        0x4 ./Core/Src/main.o
 .bss.flow_last_sample_pulses
                0x200000e0        0x4 ./Core/Src/main.o
 .bss.dht_last_sample_tick
                0x200000e4        0x4 ./Core/Src/main.o
 .bss.climate_reference_temperature_c
                0x200000e8        0x4 ./Core/Src/main.o
 .bss.climate_reference_humidity_pct
                0x200000ec        0x4 ./Core/Src/main.o
 .bss.climate_reference_tick
                0x200000f0        0x4 ./Core/Src/main.o
 .bss.climate_reference_valid
                0x200000f4        0x1 ./Core/Src/main.o
 *fill*         0x200000f5        0x3 
 .bss.frost_reference_temperature_c
                0x200000f8        0x4 ./Core/Src/main.o
 .bss.frost_reference_tick
                0x200000fc        0x4 ./Core/Src/main.o
 .bss.frost_reference_valid
                0x20000100        0x1 ./Core/Src/main.o
 *fill*         0x20000101        0x3 
 .bss.flow_reference_l_min
                0x20000104        0x4 ./Core/Src/main.o
 .bss.flow_reference_valid
                0x20000108        0x1 ./Core/Src/main.o
 *fill*         0x20000109        0x3 
 .bss.telemetry_last_send_tick
                0x2000010c        0x4 ./Core/Src/main.o
 .bss.esp_tcp_connected
                0x20000110        0x1 ./Core/Src/main.o
 *fill*         0x20000111        0x3 
 .bss.esp_rx_line
                0x20000114      0x180 ./Core/Src/main.o
 .bss.temperature_stepper_active
                0x20000294        0x1 ./Core/Src/main.o
 .bss.flow_relay_active
                0x20000295        0x1 ./Core/Src/main.o
 .bss.frost_relay_active
                0x20000296        0x1 ./Core/Src/main.o
 .bss.flow_risk_predicted_state
                0x20000297        0x1 ./Core/Src/main.o
 .bss.stepper_sequence_index
                0x20000298        0x1 ./Core/Src/main.o
 *fill*         0x20000299        0x3 
 .bss.stepper_last_step_tick
                0x2000029c        0x4 ./Core/Src/main.o
 .bss.last_temperature_sample_c
                0x200002a0        0x4 ./Core/Src/main.o
 .bss.last_humidity_sample_pct
                0x200002a4        0x4 ./Core/Src/main.o
 .bss.last_dht_trend_tick
                0x200002a8        0x4 ./Core/Src/main.o
 .bss.dht_trend_valid
                0x200002ac        0x1 ./Core/Src/main.o
 *fill*         0x200002ad        0x3 
 .bss.last_flow_sample_l_min
                0x200002b0        0x4 ./Core/Src/main.o
 .bss.last_flow_trend_tick
                0x200002b4        0x4 ./Core/Src/main.o
 .bss.flow_trend_valid
                0x200002b8        0x1 ./Core/Src/main.o
 *fill*         0x200002b9        0x3 
 .bss.s_secure_frame_counter
                0x200002bc        0x4 ./Core/Src/secure_telemetry.o
 .bss.s_cached_keys_valid
                0x200002c0        0x1 ./Core/Src/secure_telemetry.o
 .bss.s_session_id_valid
                0x200002c1        0x1 ./Core/Src/secure_telemetry.o
 *fill*         0x200002c2        0x2 
 .bss.s_cached_master_secret
                0x200002c4       0x60 ./Core/Src/secure_telemetry.o
 .bss.s_cached_aes_ctx
                0x20000324       0xb0 ./Core/Src/secure_telemetry.o
 .bss.s_cached_hmac_key
                0x200003d4       0x20 ./Core/Src/secure_telemetry.o
 .bss.s_session_id
                0x200003f4        0x8 ./Core/Src/secure_telemetry.o
 .bss.__sbrk_heap_end
                0x200003fc        0x4 ./Core/Src/sysmem.o
 .bss.uwTick    0x20000400        0x4 ./Drivers/STM32F4xx_HAL_Driver/Src/stm32f4xx_hal.o
                0x20000400                uwTick
 .bss.__sf      0x20000404      0x138 C:/ST/STM32CubeIDE_1.18.1/STM32CubeIDE/plugins/com.st.stm32cube.ide.mcu.externaltools.gnu-tools-for-stm32.13.3.rel1.win32_1.0.0.202411081344/tools/bin/../lib/gcc/arm-none-eabi/13.3.1/../../../../arm-none-eabi/lib/thumb/v7e-m+fp/hard\libc_nano.a(libc_a-findfp.o)
                0x20000404                __sf
 .bss.errno     0x2000053c        0x4 C:/ST/STM32CubeIDE_1.18.1/STM32CubeIDE/plugins/com.st.stm32cube.ide.mcu.externaltools.gnu-tools-for-stm32.13.3.rel1.win32_1.0.0.202411081344/tools/bin/../lib/gcc/arm-none-eabi/13.3.1/../../../../arm-none-eabi/lib/thumb/v7e-m+fp/hard\libc_nano.a(libc_a-reent.o)
                0x2000053c                errno
 .bss.__lock___malloc_recursive_mutex
                0x20000540        0x1 C:/ST/STM32CubeIDE_1.18.1/STM32CubeIDE/plugins/com.st.stm32cube.ide.mcu.externaltools.gnu-tools-for-stm32.13.3.rel1.win32_1.0.0.202411081344/tools/bin/../lib/gcc/arm-none-eabi/13.3.1/../../../../arm-none-eabi/lib/thumb/v7e-m+fp/hard\libc_nano.a(libc_a-lock.o)
                0x20000540                __lock___malloc_recursive_mutex
 *fill*         0x20000541        0x3 
 .bss.__malloc_sbrk_start
                0x20000544        0x4 C:/ST/STM32CubeIDE_1.18.1/STM32CubeIDE/plugins/com.st.stm32cube.ide.mcu.externaltools.gnu-tools-for-stm32.13.3.rel1.win32_1.0.0.202411081344/tools/bin/../lib/gcc/arm-none-eabi/13.3.1/../../../../arm-none-eabi/lib/thumb/v7e-m+fp/hard\libc_nano.a(libc_a-mallocr.o)
                0x20000544                __malloc_sbrk_start
 .bss.__malloc_free_list
                0x20000548        0x4 C:/ST/STM32CubeIDE_1.18.1/STM32CubeIDE/plugins/com.st.stm32cube.ide.mcu.externaltools.gnu-tools-for-stm32.13.3.rel1.win32_1.0.0.202411081344/tools/bin/../lib/gcc/arm-none-eabi/13.3.1/../../../../arm-none-eabi/lib/thumb/v7e-m+fp/hard\libc_nano.a(libc_a-mallocr.o)
                0x20000548                __malloc_free_list
 *(COMMON)
                0x2000054c                        . = ALIGN (0x4)
                0x2000054c                        _ebss = .
                0x2000054c                        __bss_end__ = _ebss

._user_heap_stack
                0x2000054c      0x604
                0x20000550                        . = ALIGN (0x8)
 *fill*         0x2000054c        0x4 
                [!provide]                        PROVIDE (end = .)
                0x20000550                        PROVIDE (_end = .)
                0x20000750                        . = (. + _Min_Heap_Size)
 *fill*         0x20000550      0x200 
                0x20000b50                        . = (. + _Min_Stack_Size)
 *fill*         0x20000750      0x400 
                0x20000b50                        . = ALIGN (0x8)

/DISCARD/
 libc.a(*)
 libm.a(*)
 libgcc.a(*)

.ARM.attributes
                0x00000000       0x30
 *(.ARM.attributes)
 .ARM.attributes
                0x00000000       0x22 C:/ST/STM32CubeIDE_1.18.1/STM32CubeIDE/plugins/com.st.stm32cube.ide.mcu.externaltools.gnu-tools-for-stm32.13.3.rel1.win32_1.0.0.202411081344/tools/bin/../lib/gcc/arm-none-eabi/13.3.1/thumb/v7e-m+fp/hard/crti.o
 .ARM.attributes
                0x00000022       0x34 C:/ST/STM32CubeIDE_1.18.1/STM32CubeIDE/plugins/com.st.stm32cube.ide.mcu.externaltools.gnu-tools-for-stm32.13.3.rel1.win32_1.0.0.202411081344/tools/bin/../lib/gcc/arm-none-eabi/13.3.1/thumb/v7e-m+fp/hard/crtbegin.o
 .ARM.attributes
                0x00000056       0x34 ./Core/Src/main.o
 .ARM.attributes
                0x0000008a       0x34 ./Core/Src/secure_telemetry.o
 .ARM.attributes
                0x000000be       0x34 ./Core/Src/stm32f4xx_hal_msp.o
 .ARM.attributes
                0x000000f2       0x34 ./Core/Src/stm32f4xx_it.o
 .ARM.attributes
                0x00000126       0x34 ./Core/Src/sysmem.o
 .ARM.attributes
                0x0000015a       0x34 ./Core/Src/system_stm32f4xx.o
 .ARM.attributes
                0x0000018e       0x21 ./Core/Startup/startup_stm32f407vgtx.o
 .ARM.attributes
                0x000001af       0x34 ./Drivers/STM32F4xx_HAL_Driver/Src/stm32f4xx_hal.o
 .ARM.attributes
                0x000001e3       0x34 ./Drivers/STM32F4xx_HAL_Driver/Src/stm32f4xx_hal_cortex.o
 .ARM.attributes
                0x00000217       0x34 ./Drivers/STM32F4xx_HAL_Driver/Src/stm32f4xx_hal_gpio.o
 .ARM.attributes
                0x0000024b       0x34 ./Drivers/STM32F4xx_HAL_Driver/Src/stm32f4xx_hal_rcc.o
 .ARM.attributes
                0x0000027f       0x34 ./Drivers/STM32F4xx_HAL_Driver/Src/stm32f4xx_hal_uart.o
 .ARM.attributes
                0x000002b3       0x34 C:/ST/STM32CubeIDE_1.18.1/STM32CubeIDE/plugins/com.st.stm32cube.ide.mcu.externaltools.gnu-tools-for-stm32.13.3.rel1.win32_1.0.0.202411081344/tools/bin/../lib/gcc/arm-none-eabi/13.3.1/../../../../arm-none-eabi/lib/thumb/v7e-m+fp/hard\libc_nano.a(libc_a-findfp.o)
 .ARM.attributes
                0x000002e7       0x34 C:/ST/STM32CubeIDE_1.18.1/STM32CubeIDE/plugins/com.st.stm32cube.ide.mcu.externaltools.gnu-tools-for-stm32.13.3.rel1.win32_1.0.0.202411081344/tools/bin/../lib/gcc/arm-none-eabi/13.3.1/../../../../arm-none-eabi/lib/thumb/v7e-m+fp/hard\libc_nano.a(libc_a-snprintf.o)
 .ARM.attributes
                0x0000031b       0x34 C:/ST/STM32CubeIDE_1.18.1/STM32CubeIDE/plugins/com.st.stm32cube.ide.mcu.externaltools.gnu-tools-for-stm32.13.3.rel1.win32_1.0.0.202411081344/tools/bin/../lib/gcc/arm-none-eabi/13.3.1/../../../../arm-none-eabi/lib/thumb/v7e-m+fp/hard\libc_nano.a(libc_a-memmove.o)
 .ARM.attributes
                0x0000034f       0x34 C:/ST/STM32CubeIDE_1.18.1/STM32CubeIDE/plugins/com.st.stm32cube.ide.mcu.externaltools.gnu-tools-for-stm32.13.3.rel1.win32_1.0.0.202411081344/tools/bin/../lib/gcc/arm-none-eabi/13.3.1/../../../../arm-none-eabi/lib/thumb/v7e-m+fp/hard\libc_nano.a(libc_a-memset.o)
 .ARM.attributes
                0x00000383       0x34 C:/ST/STM32CubeIDE_1.18.1/STM32CubeIDE/plugins/com.st.stm32cube.ide.mcu.externaltools.gnu-tools-for-stm32.13.3.rel1.win32_1.0.0.202411081344/tools/bin/../lib/gcc/arm-none-eabi/13.3.1/../../../../arm-none-eabi/lib/thumb/v7e-m+fp/hard\libc_nano.a(libc_a-strncmp.o)
 .ARM.attributes
                0x000003b7       0x34 C:/ST/STM32CubeIDE_1.18.1/STM32CubeIDE/plugins/com.st.stm32cube.ide.mcu.externaltools.gnu-tools-for-stm32.13.3.rel1.win32_1.0.0.202411081344/tools/bin/../lib/gcc/arm-none-eabi/13.3.1/../../../../arm-none-eabi/lib/thumb/v7e-m+fp/hard\libc_nano.a(libc_a-strstr.o)
 .ARM.attributes
                0x000003eb       0x34 C:/ST/STM32CubeIDE_1.18.1/STM32CubeIDE/plugins/com.st.stm32cube.ide.mcu.externaltools.gnu-tools-for-stm32.13.3.rel1.win32_1.0.0.202411081344/tools/bin/../lib/gcc/arm-none-eabi/13.3.1/../../../../arm-none-eabi/lib/thumb/v7e-m+fp/hard\libc_nano.a(libc_a-reent.o)
 .ARM.attributes
                0x0000041f       0x34 C:/ST/STM32CubeIDE_1.18.1/STM32CubeIDE/plugins/com.st.stm32cube.ide.mcu.externaltools.gnu-tools-for-stm32.13.3.rel1.win32_1.0.0.202411081344/tools/bin/../lib/gcc/arm-none-eabi/13.3.1/../../../../arm-none-eabi/lib/thumb/v7e-m+fp/hard\libc_nano.a(libc_a-impure.o)
 .ARM.attributes
                0x00000453       0x34 C:/ST/STM32CubeIDE_1.18.1/STM32CubeIDE/plugins/com.st.stm32cube.ide.mcu.externaltools.gnu-tools-for-stm32.13.3.rel1.win32_1.0.0.202411081344/tools/bin/../lib/gcc/arm-none-eabi/13.3.1/../../../../arm-none-eabi/lib/thumb/v7e-m+fp/hard\libc_nano.a(libc_a-errno.o)
 .ARM.attributes
                0x00000487       0x34 C:/ST/STM32CubeIDE_1.18.1/STM32CubeIDE/plugins/com.st.stm32cube.ide.mcu.externaltools.gnu-tools-for-stm32.13.3.rel1.win32_1.0.0.202411081344/tools/bin/../lib/gcc/arm-none-eabi/13.3.1/../../../../arm-none-eabi/lib/thumb/v7e-m+fp/hard\libc_nano.a(libc_a-init.o)
 .ARM.attributes
                0x000004bb       0x34 C:/ST/STM32CubeIDE_1.18.1/STM32CubeIDE/plugins/com.st.stm32cube.ide.mcu.externaltools.gnu-tools-for-stm32.13.3.rel1.win32_1.0.0.202411081344/tools/bin/../lib/gcc/arm-none-eabi/13.3.1/../../../../arm-none-eabi/lib/thumb/v7e-m+fp/hard\libc_nano.a(libc_a-lock.o)
 .ARM.attributes
                0x000004ef       0x34 C:/ST/STM32CubeIDE_1.18.1/STM32CubeIDE/plugins/com.st.stm32cube.ide.mcu.externaltools.gnu-tools-for-stm32.13.3.rel1.win32_1.0.0.202411081344/tools/bin/../lib/gcc/arm-none-eabi/13.3.1/../../../../arm-none-eabi/lib/thumb/v7e-m+fp/hard\libc_nano.a(libc_a-memcpy-stub.o)
 .ARM.attributes
                0x00000523       0x17 C:/ST/STM32CubeIDE_1.18.1/STM32CubeIDE/plugins/com.st.stm32cube.ide.mcu.externaltools.gnu-tools-for-stm32.13.3.rel1.win32_1.0.0.202411081344/tools/bin/../lib/gcc/arm-none-eabi/13.3.1/../../../../arm-none-eabi/lib/thumb/v7e-m+fp/hard\libc_nano.a(libc_a-strlen.o)
 .ARM.attributes
                0x0000053a       0x34 C:/ST/STM32CubeIDE_1.18.1/STM32CubeIDE/plugins/com.st.stm32cube.ide.mcu.externaltools.gnu-tools-for-stm32.13.3.rel1.win32_1.0.0.202411081344/tools/bin/../lib/gcc/arm-none-eabi/13.3.1/../../../../arm-none-eabi/lib/thumb/v7e-m+fp/hard\libc_nano.a(libc_a-freer.o)
 .ARM.attributes
                0x0000056e       0x34 C:/ST/STM32CubeIDE_1.18.1/STM32CubeIDE/plugins/com.st.stm32cube.ide.mcu.externaltools.gnu-tools-for-stm32.13.3.rel1.win32_1.0.0.202411081344/tools/bin/../lib/gcc/arm-none-eabi/13.3.1/../../../../arm-none-eabi/lib/thumb/v7e-m+fp/hard\libc_nano.a(libc_a-mallocr.o)
 .ARM.attributes
                0x000005a2       0x34 C:/ST/STM32CubeIDE_1.18.1/STM32CubeIDE/plugins/com.st.stm32cube.ide.mcu.externaltools.gnu-tools-for-stm32.13.3.rel1.win32_1.0.0.202411081344/tools/bin/../lib/gcc/arm-none-eabi/13.3.1/../../../../arm-none-eabi/lib/thumb/v7e-m+fp/hard\libc_nano.a(libc_a-mlock.o)
 .ARM.attributes
                0x000005d6       0x34 C:/ST/STM32CubeIDE_1.18.1/STM32CubeIDE/plugins/com.st.stm32cube.ide.mcu.externaltools.gnu-tools-for-stm32.13.3.rel1.win32_1.0.0.202411081344/tools/bin/../lib/gcc/arm-none-eabi/13.3.1/../../../../arm-none-eabi/lib/thumb/v7e-m+fp/hard\libc_nano.a(libc_a-nano-svfprintf.o)
 .ARM.attributes
                0x0000060a       0x34 C:/ST/STM32CubeIDE_1.18.1/STM32CubeIDE/plugins/com.st.stm32cube.ide.mcu.externaltools.gnu-tools-for-stm32.13.3.rel1.win32_1.0.0.202411081344/tools/bin/../lib/gcc/arm-none-eabi/13.3.1/../../../../arm-none-eabi/lib/thumb/v7e-m+fp/hard\libc_nano.a(libc_a-nano-vfprintf_i.o)
 .ARM.attributes
                0x0000063e       0x34 C:/ST/STM32CubeIDE_1.18.1/STM32CubeIDE/plugins/com.st.stm32cube.ide.mcu.externaltools.gnu-tools-for-stm32.13.3.rel1.win32_1.0.0.202411081344/tools/bin/../lib/gcc/arm-none-eabi/13.3.1/../../../../arm-none-eabi/lib/thumb/v7e-m+fp/hard\libc_nano.a(libc_a-sbrkr.o)
 .ARM.attributes
                0x00000672       0x1c C:/ST/STM32CubeIDE_1.18.1/STM32CubeIDE/plugins/com.st.stm32cube.ide.mcu.externaltools.gnu-tools-for-stm32.13.3.rel1.win32_1.0.0.202411081344/tools/bin/../lib/gcc/arm-none-eabi/13.3.1/../../../../arm-none-eabi/lib/thumb/v7e-m+fp/hard\libc_nano.a(libc_a-memchr.o)
 .ARM.attributes
                0x0000068e       0x34 C:/ST/STM32CubeIDE_1.18.1/STM32CubeIDE/plugins/com.st.stm32cube.ide.mcu.externaltools.gnu-tools-for-stm32.13.3.rel1.win32_1.0.0.202411081344/tools/bin/../lib/gcc/arm-none-eabi/13.3.1/../../../../arm-none-eabi/lib/thumb/v7e-m+fp/hard\libc_nano.a(libc_a-reallocr.o)
 .ARM.attributes
                0x000006c2       0x34 C:/ST/STM32CubeIDE_1.18.1/STM32CubeIDE/plugins/com.st.stm32cube.ide.mcu.externaltools.gnu-tools-for-stm32.13.3.rel1.win32_1.0.0.202411081344/tools/bin/../lib/gcc/arm-none-eabi/13.3.1/../../../../arm-none-eabi/lib/thumb/v7e-m+fp/hard\libc_nano.a(libc_a-msizer.o)
 .ARM.attributes
                0x000006f6       0x22 C:/ST/STM32CubeIDE_1.18.1/STM32CubeIDE/plugins/com.st.stm32cube.ide.mcu.externaltools.gnu-tools-for-stm32.13.3.rel1.win32_1.0.0.202411081344/tools/bin/../lib/gcc/arm-none-eabi/13.3.1/thumb/v7e-m+fp/hard\libgcc.a(_aeabi_uldivmod.o)
 .ARM.attributes
                0x00000718       0x34 C:/ST/STM32CubeIDE_1.18.1/STM32CubeIDE/plugins/com.st.stm32cube.ide.mcu.externaltools.gnu-tools-for-stm32.13.3.rel1.win32_1.0.0.202411081344/tools/bin/../lib/gcc/arm-none-eabi/13.3.1/thumb/v7e-m+fp/hard\libgcc.a(_udivmoddi4.o)
 .ARM.attributes
                0x0000074c       0x22 C:/ST/STM32CubeIDE_1.18.1/STM32CubeIDE/plugins/com.st.stm32cube.ide.mcu.externaltools.gnu-tools-for-stm32.13.3.rel1.win32_1.0.0.202411081344/tools/bin/../lib/gcc/arm-none-eabi/13.3.1/thumb/v7e-m+fp/hard\libgcc.a(_dvmd_tls.o)
 .ARM.attributes
                0x0000076e       0x22 C:/ST/STM32CubeIDE_1.18.1/STM32CubeIDE/plugins/com.st.stm32cube.ide.mcu.externaltools.gnu-tools-for-stm32.13.3.rel1.win32_1.0.0.202411081344/tools/bin/../lib/gcc/arm-none-eabi/13.3.1/thumb/v7e-m+fp/hard/crtn.o
OUTPUT(HackathZee_Sera.elf elf32-littlearm)
LOAD linker stubs
LOAD C:/ST/STM32CubeIDE_1.18.1/STM32CubeIDE/plugins/com.st.stm32cube.ide.mcu.externaltools.gnu-tools-for-stm32.13.3.rel1.win32_1.0.0.202411081344/tools/bin/../lib/gcc/arm-none-eabi/13.3.1/../../../../arm-none-eabi/lib/thumb/v7e-m+fp/hard\libc.a
LOAD C:/ST/STM32CubeIDE_1.18.1/STM32CubeIDE/plugins/com.st.stm32cube.ide.mcu.externaltools.gnu-tools-for-stm32.13.3.rel1.win32_1.0.0.202411081344/tools/bin/../lib/gcc/arm-none-eabi/13.3.1/../../../../arm-none-eabi/lib/thumb/v7e-m+fp/hard\libm.a
LOAD C:/ST/STM32CubeIDE_1.18.1/STM32CubeIDE/plugins/com.st.stm32cube.ide.mcu.externaltools.gnu-tools-for-stm32.13.3.rel1.win32_1.0.0.202411081344/tools/bin/../lib/gcc/arm-none-eabi/13.3.1/thumb/v7e-m+fp/hard\libgcc.a

.debug_info     0x00000000     0x9348
 .debug_info    0x00000000     0x1c0d ./Core/Src/main.o
 .debug_info    0x00001c0d     0x10b9 ./Core/Src/secure_telemetry.o
 .debug_info    0x00002cc6      0x8e9 ./Core/Src/stm32f4xx_hal_msp.o
 .debug_info    0x000035af      0x14a ./Core/Src/stm32f4xx_it.o
 .debug_info    0x000036f9      0x168 ./Core/Src/sysmem.o
 .debug_info    0x00003861      0x512 ./Core/Src/system_stm32f4xx.o
 .debug_info    0x00003d73       0x30 ./Core/Startup/startup_stm32f407vgtx.o
 .debug_info    0x00003da3      0x944 ./Drivers/STM32F4xx_HAL_Driver/Src/stm32f4xx_hal.o
 .debug_info    0x000046e7      0xd8c ./Drivers/STM32F4xx_HAL_Driver/Src/stm32f4xx_hal_cortex.o
 .debug_info    0x00005473      0x6c3 ./Drivers/STM32F4xx_HAL_Driver/Src/stm32f4xx_hal_gpio.o
 .debug_info    0x00005b36      0x8c3 ./Drivers/STM32F4xx_HAL_Driver/Src/stm32f4xx_hal_rcc.o
 .debug_info    0x000063f9     0x2f4f ./Drivers/STM32F4xx_HAL_Driver/Src/stm32f4xx_hal_uart.o

.debug_abbrev   0x00000000     0x1751
 .debug_abbrev  0x00000000      0x3c6 ./Core/Src/main.o
 .debug_abbrev  0x000003c6      0x27a ./Core/Src/secure_telemetry.o
 .debug_abbrev  0x00000640      0x1ad ./Core/Src/stm32f4xx_hal_msp.o
 .debug_abbrev  0x000007ed       0xa0 ./Core/Src/stm32f4xx_it.o
 .debug_abbrev  0x0000088d       0xbc ./Core/Src/sysmem.o
 .debug_abbrev  0x00000949      0x11a ./Core/Src/system_stm32f4xx.o
 .debug_abbrev  0x00000a63       0x24 ./Core/Startup/startup_stm32f407vgtx.o
 .debug_abbrev  0x00000a87      0x214 ./Drivers/STM32F4xx_HAL_Driver/Src/stm32f4xx_hal.o
 .debug_abbrev  0x00000c9b      0x31d ./Drivers/STM32F4xx_HAL_Driver/Src/stm32f4xx_hal_cortex.o
 .debug_abbrev  0x00000fb8      0x1d4 ./Drivers/STM32F4xx_HAL_Driver/Src/stm32f4xx_hal_gpio.o
 .debug_abbrev  0x0000118c      0x2b7 ./Drivers/STM32F4xx_HAL_Driver/Src/stm32f4xx_hal_rcc.o
 .debug_abbrev  0x00001443      0x30e ./Drivers/STM32F4xx_HAL_Driver/Src/stm32f4xx_hal_uart.o

.debug_aranges  0x00000000      0x828
 .debug_aranges
                0x00000000      0x140 ./Core/Src/main.o
 .debug_aranges
                0x00000140       0xd8 ./Core/Src/secure_telemetry.o
 .debug_aranges
                0x00000218       0x30 ./Core/Src/stm32f4xx_hal_msp.o
 .debug_aranges
                0x00000248       0x68 ./Core/Src/stm32f4xx_it.o
 .debug_aranges
                0x000002b0       0x20 ./Core/Src/sysmem.o
 .debug_aranges
                0x000002d0       0x28 ./Core/Src/system_stm32f4xx.o
 .debug_aranges
                0x000002f8       0x28 ./Core/Startup/startup_stm32f407vgtx.o
 .debug_aranges
                0x00000320       0xf0 ./Drivers/STM32F4xx_HAL_Driver/Src/stm32f4xx_hal.o
 .debug_aranges
                0x00000410      0x130 ./Drivers/STM32F4xx_HAL_Driver/Src/stm32f4xx_hal_cortex.o
 .debug_aranges
                0x00000540       0x58 ./Drivers/STM32F4xx_HAL_Driver/Src/stm32f4xx_hal_gpio.o
 .debug_aranges
                0x00000598       0x88 ./Drivers/STM32F4xx_HAL_Driver/Src/stm32f4xx_hal_rcc.o
 .debug_aranges
                0x00000620      0x208 ./Drivers/STM32F4xx_HAL_Driver/Src/stm32f4xx_hal_uart.o

.debug_rnglists
                0x00000000      0x64e
 .debug_rnglists
                0x00000000       0xf9 ./Core/Src/main.o
 .debug_rnglists
                0x000000f9       0xb6 ./Core/Src/secure_telemetry.o
 .debug_rnglists
                0x000001af       0x20 ./Core/Src/stm32f4xx_hal_msp.o
 .debug_rnglists
                0x000001cf       0x49 ./Core/Src/stm32f4xx_it.o
 .debug_rnglists
                0x00000218       0x13 ./Core/Src/sysmem.o
 .debug_rnglists
                0x0000022b       0x1a ./Core/Src/system_stm32f4xx.o
 .debug_rnglists
                0x00000245       0x19 ./Core/Startup/startup_stm32f407vgtx.o
 .debug_rnglists
                0x0000025e       0xaf ./Drivers/STM32F4xx_HAL_Driver/Src/stm32f4xx_hal.o
 .debug_rnglists
                0x0000030d       0xe0 ./Drivers/STM32F4xx_HAL_Driver/Src/stm32f4xx_hal_cortex.o
 .debug_rnglists
                0x000003ed       0x3f ./Drivers/STM32F4xx_HAL_Driver/Src/stm32f4xx_hal_gpio.o
 .debug_rnglists
                0x0000042c       0x66 ./Drivers/STM32F4xx_HAL_Driver/Src/stm32f4xx_hal_rcc.o
 .debug_rnglists
                0x00000492      0x1bc ./Drivers/STM32F4xx_HAL_Driver/Src/stm32f4xx_hal_uart.o

.debug_macro    0x00000000    0x2070c
 .debug_macro   0x00000000      0x3a6 ./Core/Src/main.o
 .debug_macro   0x000003a6      0xad8 ./Core/Src/main.o
 .debug_macro   0x00000e7e      0x295 ./Core/Src/main.o
 .debug_macro   0x00001113       0x2e ./Core/Src/main.o
 .debug_macro   0x00001141       0x2f ./Core/Src/main.o
 .debug_macro   0x00001170       0x22 ./Core/Src/main.o
 .debug_macro   0x00001192       0x8e ./Core/Src/main.o
 .debug_macro   0x00001220       0x51 ./Core/Src/main.o
 .debug_macro   0x00001271      0x103 ./Core/Src/main.o
 .debug_macro   0x00001374       0x6a ./Core/Src/main.o
 .debug_macro   0x000013de      0x1df ./Core/Src/main.o
 .debug_macro   0x000015bd       0x1c ./Core/Src/main.o
 .debug_macro   0x000015d9       0x22 ./Core/Src/main.o
 .debug_macro   0x000015fb       0xfb ./Core/Src/main.o
 .debug_macro   0x000016f6     0x1011 ./Core/Src/main.o
 .debug_macro   0x00002707      0x11f ./Core/Src/main.o
 .debug_macro   0x00002826    0x15ea5 ./Core/Src/main.o
 .debug_macro   0x000186cb       0x6d ./Core/Src/main.o
 .debug_macro   0x00018738     0x3693 ./Core/Src/main.o
 .debug_macro   0x0001bdcb      0x190 ./Core/Src/main.o
 .debug_macro   0x0001bf5b       0x5c ./Core/Src/main.o
 .debug_macro   0x0001bfb7      0x980 ./Core/Src/main.o
 .debug_macro   0x0001c937      0x9e9 ./Core/Src/main.o
 .debug_macro   0x0001d320      0x115 ./Core/Src/main.o
 .debug_macro   0x0001d435      0x13e ./Core/Src/main.o
 .debug_macro   0x0001d573       0xa5 ./Core/Src/main.o
 .debug_macro   0x0001d618      0x174 ./Core/Src/main.o
 .debug_macro   0x0001d78c      0x287 ./Core/Src/main.o
 .debug_macro   0x0001da13       0x5f ./Core/Src/main.o
 .debug_macro   0x0001da72      0x236 ./Core/Src/main.o
 .debug_macro   0x0001dca8      0x12c ./Core/Src/main.o
 .debug_macro   0x0001ddd4      0x21e ./Core/Src/main.o
 .debug_macro   0x0001dff2       0x2e ./Core/Src/main.o
 .debug_macro   0x0001e020      0x127 ./Core/Src/main.o
 .debug_macro   0x0001e147       0x7e ./Core/Src/main.o
 .debug_macro   0x0001e1c5       0x89 ./Core/Src/main.o
 .debug_macro   0x0001e24e      0x2aa ./Core/Src/main.o
 .debug_macro   0x0001e4f8      0x12d ./Core/Src/main.o
 .debug_macro   0x0001e625       0x64 ./Core/Src/main.o
 .debug_macro   0x0001e689       0x28 ./Core/Src/main.o
 .debug_macro   0x0001e6b1       0x28 ./Core/Src/main.o
 .debug_macro   0x0001e6d9       0x61 ./Core/Src/main.o
 .debug_macro   0x0001e73a       0x2a ./Core/Src/main.o
 .debug_macro   0x0001e764       0x43 ./Core/Src/main.o
 .debug_macro   0x0001e7a7       0x34 ./Core/Src/main.o
 .debug_macro   0x0001e7db      0x370 ./Core/Src/main.o
 .debug_macro   0x0001eb4b       0x16 ./Core/Src/main.o
 .debug_macro   0x0001eb61       0x4a ./Core/Src/main.o
 .debug_macro   0x0001ebab       0x34 ./Core/Src/main.o
 .debug_macro   0x0001ebdf       0x10 ./Core/Src/main.o
 .debug_macro   0x0001ebef       0x58 ./Core/Src/main.o
 .debug_macro   0x0001ec47       0x8e ./Core/Src/main.o
 .debug_macro   0x0001ecd5       0x1c ./Core/Src/main.o
 .debug_macro   0x0001ecf1      0x185 ./Core/Src/main.o
 .debug_macro   0x0001ee76       0x10 ./Core/Src/main.o
 .debug_macro   0x0001ee86       0x3c ./Core/Src/main.o
 .debug_macro   0x0001eec2       0x20 ./Core/Src/main.o
 .debug_macro   0x0001eee2       0x1c ./Core/Src/main.o
 .debug_macro   0x0001eefe       0x10 ./Core/Src/main.o
 .debug_macro   0x0001ef0e       0x1c ./Core/Src/main.o
 .debug_macro   0x0001ef2a       0x16 ./Core/Src/main.o
 .debug_macro   0x0001ef40      0x146 ./Core/Src/main.o
 .debug_macro   0x0001f086       0x16 ./Core/Src/main.o
 .debug_macro   0x0001f09c       0x16 ./Core/Src/main.o
 .debug_macro   0x0001f0b2       0x29 ./Core/Src/main.o
 .debug_macro   0x0001f0db      0x19b ./Core/Src/main.o
 .debug_macro   0x0001f276      0x2c5 ./Core/Src/secure_telemetry.o
 .debug_macro   0x0001f53b      0x1c9 ./Core/Src/stm32f4xx_hal_msp.o
 .debug_macro   0x0001f704      0x1d3 ./Core/Src/stm32f4xx_it.o
 .debug_macro   0x0001f8d7      0x112 ./Core/Src/sysmem.o
 .debug_macro   0x0001f9e9      0x23c ./Core/Src/sysmem.o
 .debug_macro   0x0001fc25      0x1ba ./Core/Src/system_stm32f4xx.o
 .debug_macro   0x0001fddf      0x21a ./Drivers/STM32F4xx_HAL_Driver/Src/stm32f4xx_hal.o
 .debug_macro   0x0001fff9      0x1ba ./Drivers/STM32F4xx_HAL_Driver/Src/stm32f4xx_hal_cortex.o
 .debug_macro   0x000201b3      0x1c0 ./Drivers/STM32F4xx_HAL_Driver/Src/stm32f4xx_hal_gpio.o
 .debug_macro   0x00020373      0x1de ./Drivers/STM32F4xx_HAL_Driver/Src/stm32f4xx_hal_rcc.o
 .debug_macro   0x00020551      0x1bb ./Drivers/STM32F4xx_HAL_Driver/Src/stm32f4xx_hal_uart.o

.debug_line     0x00000000     0x9912
 .debug_line    0x00000000     0x1458 ./Core/Src/main.o
 .debug_line    0x00001458     0x124d ./Core/Src/secure_telemetry.o
 .debug_line    0x000026a5      0x762 ./Core/Src/stm32f4xx_hal_msp.o
 .debug_line    0x00002e07      0x7dc ./Core/Src/stm32f4xx_it.o
 .debug_line    0x000035e3      0x588 ./Core/Src/sysmem.o
 .debug_line    0x00003b6b      0x78b ./Core/Src/system_stm32f4xx.o
 .debug_line    0x000042f6       0x7a ./Core/Startup/startup_stm32f407vgtx.o
 .debug_line    0x00004370      0xa07 ./Drivers/STM32F4xx_HAL_Driver/Src/stm32f4xx_hal.o
 .debug_line    0x00004d77      0xcd7 ./Drivers/STM32F4xx_HAL_Driver/Src/stm32f4xx_hal_cortex.o
 .debug_line    0x00005a4e      0xb5f ./Drivers/STM32F4xx_HAL_Driver/Src/stm32f4xx_hal_gpio.o
 .debug_line    0x000065ad      0xe16 ./Drivers/STM32F4xx_HAL_Driver/Src/stm32f4xx_hal_rcc.o
 .debug_line    0x000073c3     0x254f ./Drivers/STM32F4xx_HAL_Driver/Src/stm32f4xx_hal_uart.o

.debug_str      0x00000000    0xc4532
 .debug_str     0x00000000    0xc4532 ./Core/Src/main.o
                              0xc2a8c (size before relaxing)
 .debug_str     0x000c4532    0xc08d1 ./Core/Src/secure_telemetry.o
 .debug_str     0x000c4532    0xbd52f ./Core/Src/stm32f4xx_hal_msp.o
 .debug_str     0x000c4532    0xbcfd4 ./Core/Src/stm32f4xx_it.o
 .debug_str     0x000c4532     0x7766 ./Core/Src/sysmem.o
 .debug_str     0x000c4532    0xbcf0c ./Core/Src/system_stm32f4xx.o
 .debug_str     0x000c4532       0x68 ./Core/Startup/startup_stm32f407vgtx.o
 .debug_str     0x000c4532    0xbda90 ./Drivers/STM32F4xx_HAL_Driver/Src/stm32f4xx_hal.o
 .debug_str     0x000c4532    0xbd80c ./Drivers/STM32F4xx_HAL_Driver/Src/stm32f4xx_hal_cortex.o
 .debug_str     0x000c4532    0xbd087 ./Drivers/STM32F4xx_HAL_Driver/Src/stm32f4xx_hal_gpio.o
 .debug_str     0x000c4532    0xbd340 ./Drivers/STM32F4xx_HAL_Driver/Src/stm32f4xx_hal_rcc.o
 .debug_str     0x000c4532    0xbd921 ./Drivers/STM32F4xx_HAL_Driver/Src/stm32f4xx_hal_uart.o

.comment        0x00000000       0x43
 .comment       0x00000000       0x43 ./Core/Src/main.o
                                 0x44 (size before relaxing)
 .comment       0x00000043       0x44 ./Core/Src/secure_telemetry.o
 .comment       0x00000043       0x44 ./Core/Src/stm32f4xx_hal_msp.o
 .comment       0x00000043       0x44 ./Core/Src/stm32f4xx_it.o
 .comment       0x00000043       0x44 ./Core/Src/sysmem.o
 .comment       0x00000043       0x44 ./Core/Src/system_stm32f4xx.o
 .comment       0x00000043       0x44 ./Drivers/STM32F4xx_HAL_Driver/Src/stm32f4xx_hal.o
 .comment       0x00000043       0x44 ./Drivers/STM32F4xx_HAL_Driver/Src/stm32f4xx_hal_cortex.o
 .comment       0x00000043       0x44 ./Drivers/STM32F4xx_HAL_Driver/Src/stm32f4xx_hal_gpio.o
 .comment       0x00000043       0x44 ./Drivers/STM32F4xx_HAL_Driver/Src/stm32f4xx_hal_rcc.o
 .comment       0x00000043       0x44 ./Drivers/STM32F4xx_HAL_Driver/Src/stm32f4xx_hal_uart.o

.debug_frame    0x00000000     0x2668
 .debug_frame   0x00000000      0x518 ./Core/Src/main.o
 .debug_frame   0x00000518      0x3cc ./Core/Src/secure_telemetry.o
 .debug_frame   0x000008e4       0x80 ./Core/Src/stm32f4xx_hal_msp.o
 .debug_frame   0x00000964      0x120 ./Core/Src/stm32f4xx_it.o
 .debug_frame   0x00000a84       0x34 ./Core/Src/sysmem.o
 .debug_frame   0x00000ab8       0x58 ./Core/Src/system_stm32f4xx.o
 .debug_frame   0x00000b10      0x374 ./Drivers/STM32F4xx_HAL_Driver/Src/stm32f4xx_hal.o
 .debug_frame   0x00000e84      0x508 ./Drivers/STM32F4xx_HAL_Driver/Src/stm32f4xx_hal_cortex.o
 .debug_frame   0x0000138c      0x14c ./Drivers/STM32F4xx_HAL_Driver/Src/stm32f4xx_hal_gpio.o
 .debug_frame   0x000014d8      0x1f4 ./Drivers/STM32F4xx_HAL_Driver/Src/stm32f4xx_hal_rcc.o
 .debug_frame   0x000016cc      0x954 ./Drivers/STM32F4xx_HAL_Driver/Src/stm32f4xx_hal_uart.o
 .debug_frame   0x00002020      0x144 C:/ST/STM32CubeIDE_1.18.1/STM32CubeIDE/plugins/com.st.stm32cube.ide.mcu.externaltools.gnu-tools-for-stm32.13.3.rel1.win32_1.0.0.202411081344/tools/bin/../lib/gcc/arm-none-eabi/13.3.1/../../../../arm-none-eabi/lib/thumb/v7e-m+fp/hard\libc_nano.a(libc_a-findfp.o)
 .debug_frame   0x00002164       0x7c C:/ST/STM32CubeIDE_1.18.1/STM32CubeIDE/plugins/com.st.stm32cube.ide.mcu.externaltools.gnu-tools-for-stm32.13.3.rel1.win32_1.0.0.202411081344/tools/bin/../lib/gcc/arm-none-eabi/13.3.1/../../../../arm-none-eabi/lib/thumb/v7e-m+fp/hard\libc_nano.a(libc_a-snprintf.o)
 .debug_frame   0x000021e0       0x28 C:/ST/STM32CubeIDE_1.18.1/STM32CubeIDE/plugins/com.st.stm32cube.ide.mcu.externaltools.gnu-tools-for-stm32.13.3.rel1.win32_1.0.0.202411081344/tools/bin/../lib/gcc/arm-none-eabi/13.3.1/../../../../arm-none-eabi/lib/thumb/v7e-m+fp/hard\libc_nano.a(libc_a-memmove.o)
 .debug_frame   0x00002208       0x20 C:/ST/STM32CubeIDE_1.18.1/STM32CubeIDE/plugins/com.st.stm32cube.ide.mcu.externaltools.gnu-tools-for-stm32.13.3.rel1.win32_1.0.0.202411081344/tools/bin/../lib/gcc/arm-none-eabi/13.3.1/../../../../arm-none-eabi/lib/thumb/v7e-m+fp/hard\libc_nano.a(libc_a-memset.o)
 .debug_frame   0x00002228       0x28 C:/ST/STM32CubeIDE_1.18.1/STM32CubeIDE/plugins/com.st.stm32cube.ide.mcu.externaltools.gnu-tools-for-stm32.13.3.rel1.win32_1.0.0.202411081344/tools/bin/../lib/gcc/arm-none-eabi/13.3.1/../../../../arm-none-eabi/lib/thumb/v7e-m+fp/hard\libc_nano.a(libc_a-strncmp.o)
 .debug_frame   0x00002250       0x2c C:/ST/STM32CubeIDE_1.18.1/STM32CubeIDE/plugins/com.st.stm32cube.ide.mcu.externaltools.gnu-tools-for-stm32.13.3.rel1.win32_1.0.0.202411081344/tools/bin/../lib/gcc/arm-none-eabi/13.3.1/../../../../arm-none-eabi/lib/thumb/v7e-m+fp/hard\libc_nano.a(libc_a-strstr.o)
 .debug_frame   0x0000227c       0x38 C:/ST/STM32CubeIDE_1.18.1/STM32CubeIDE/plugins/com.st.stm32cube.ide.mcu.externaltools.gnu-tools-for-stm32.13.3.rel1.win32_1.0.0.202411081344/tools/bin/../lib/gcc/arm-none-eabi/13.3.1/../../../../arm-none-eabi/lib/thumb/v7e-m+fp/hard\libc_nano.a(libc_a-reent.o)
 .debug_frame   0x000022b4       0x20 C:/ST/STM32CubeIDE_1.18.1/STM32CubeIDE/plugins/com.st.stm32cube.ide.mcu.externaltools.gnu-tools-for-stm32.13.3.rel1.win32_1.0.0.202411081344/tools/bin/../lib/gcc/arm-none-eabi/13.3.1/../../../../arm-none-eabi/lib/thumb/v7e-m+fp/hard\libc_nano.a(libc_a-errno.o)
 .debug_frame   0x000022d4       0x2c C:/ST/STM32CubeIDE_1.18.1/STM32CubeIDE/plugins/com.st.stm32cube.ide.mcu.externaltools.gnu-tools-for-stm32.13.3.rel1.win32_1.0.0.202411081344/tools/bin/../lib/gcc/arm-none-eabi/13.3.1/../../../../arm-none-eabi/lib/thumb/v7e-m+fp/hard\libc_nano.a(libc_a-init.o)
 .debug_frame   0x00002300       0xb0 C:/ST/STM32CubeIDE_1.18.1/STM32CubeIDE/plugins/com.st.stm32cube.ide.mcu.externaltools.gnu-tools-for-stm32.13.3.rel1.win32_1.0.0.202411081344/tools/bin/../lib/gcc/arm-none-eabi/13.3.1/../../../../arm-none-eabi/lib/thumb/v7e-m+fp/hard\libc_nano.a(libc_a-lock.o)
 .debug_frame   0x000023b0       0x28 C:/ST/STM32CubeIDE_1.18.1/STM32CubeIDE/plugins/com.st.stm32cube.ide.mcu.externaltools.gnu-tools-for-stm32.13.3.rel1.win32_1.0.0.202411081344/tools/bin/../lib/gcc/arm-none-eabi/13.3.1/../../../../arm-none-eabi/lib/thumb/v7e-m+fp/hard\libc_nano.a(libc_a-memcpy-stub.o)
 .debug_frame   0x000023d8       0x38 C:/ST/STM32CubeIDE_1.18.1/STM32CubeIDE/plugins/com.st.stm32cube.ide.mcu.externaltools.gnu-tools-for-stm32.13.3.rel1.win32_1.0.0.202411081344/tools/bin/../lib/gcc/arm-none-eabi/13.3.1/../../../../arm-none-eabi/lib/thumb/v7e-m+fp/hard\libc_nano.a(libc_a-freer.o)
 .debug_frame   0x00002410       0x50 C:/ST/STM32CubeIDE_1.18.1/STM32CubeIDE/plugins/com.st.stm32cube.ide.mcu.externaltools.gnu-tools-for-stm32.13.3.rel1.win32_1.0.0.202411081344/tools/bin/../lib/gcc/arm-none-eabi/13.3.1/../../../../arm-none-eabi/lib/thumb/v7e-m+fp/hard\libc_nano.a(libc_a-mallocr.o)
 .debug_frame   0x00002460       0x30 C:/ST/STM32CubeIDE_1.18.1/STM32CubeIDE/plugins/com.st.stm32cube.ide.mcu.externaltools.gnu-tools-for-stm32.13.3.rel1.win32_1.0.0.202411081344/tools/bin/../lib/gcc/arm-none-eabi/13.3.1/../../../../arm-none-eabi/lib/thumb/v7e-m+fp/hard\libc_nano.a(libc_a-mlock.o)
 .debug_frame   0x00002490       0x90 C:/ST/STM32CubeIDE_1.18.1/STM32CubeIDE/plugins/com.st.stm32cube.ide.mcu.externaltools.gnu-tools-for-stm32.13.3.rel1.win32_1.0.0.202411081344/tools/bin/../lib/gcc/arm-none-eabi/13.3.1/../../../../arm-none-eabi/lib/thumb/v7e-m+fp/hard\libc_nano.a(libc_a-nano-svfprintf.o)
 .debug_frame   0x00002520       0x60 C:/ST/STM32CubeIDE_1.18.1/STM32CubeIDE/plugins/com.st.stm32cube.ide.mcu.externaltools.gnu-tools-for-stm32.13.3.rel1.win32_1.0.0.202411081344/tools/bin/../lib/gcc/arm-none-eabi/13.3.1/../../../../arm-none-eabi/lib/thumb/v7e-m+fp/hard\libc_nano.a(libc_a-nano-vfprintf_i.o)
 .debug_frame   0x00002580       0x2c C:/ST/STM32CubeIDE_1.18.1/STM32CubeIDE/plugins/com.st.stm32cube.ide.mcu.externaltools.gnu-tools-for-stm32.13.3.rel1.win32_1.0.0.202411081344/tools/bin/../lib/gcc/arm-none-eabi/13.3.1/../../../../arm-none-eabi/lib/thumb/v7e-m+fp/hard\libc_nano.a(libc_a-sbrkr.o)
 .debug_frame   0x000025ac       0x3c C:/ST/STM32CubeIDE_1.18.1/STM32CubeIDE/plugins/com.st.stm32cube.ide.mcu.externaltools.gnu-tools-for-stm32.13.3.rel1.win32_1.0.0.202411081344/tools/bin/../lib/gcc/arm-none-eabi/13.3.1/../../../../arm-none-eabi/lib/thumb/v7e-m+fp/hard\libc_nano.a(libc_a-reallocr.o)
 .debug_frame   0x000025e8       0x20 C:/ST/STM32CubeIDE_1.18.1/STM32CubeIDE/plugins/com.st.stm32cube.ide.mcu.externaltools.gnu-tools-for-stm32.13.3.rel1.win32_1.0.0.202411081344/tools/bin/../lib/gcc/arm-none-eabi/13.3.1/../../../../arm-none-eabi/lib/thumb/v7e-m+fp/hard\libc_nano.a(libc_a-msizer.o)
 .debug_frame   0x00002608       0x2c C:/ST/STM32CubeIDE_1.18.1/STM32CubeIDE/plugins/com.st.stm32cube.ide.mcu.externaltools.gnu-tools-for-stm32.13.3.rel1.win32_1.0.0.202411081344/tools/bin/../lib/gcc/arm-none-eabi/13.3.1/thumb/v7e-m+fp/hard\libgcc.a(_aeabi_uldivmod.o)
 .debug_frame   0x00002634       0x34 C:/ST/STM32CubeIDE_1.18.1/STM32CubeIDE/plugins/com.st.stm32cube.ide.mcu.externaltools.gnu-tools-for-stm32.13.3.rel1.win32_1.0.0.202411081344/tools/bin/../lib/gcc/arm-none-eabi/13.3.1/thumb/v7e-m+fp/hard\libgcc.a(_udivmoddi4.o)

.debug_line_str
                0x00000000       0x4c
 .debug_line_str
                0x00000000       0x4c ./Core/Startup/startup_stm32f407vgtx.o
